14:26:57 **** Clean-only build of configuration Debug for project gpsFWv2b ****
make clean 
rm -rf *
 
14:27:01 **** Clean-only build of configuration Debug for project gpsFWv2b ****
make clean 
make: *** Keine Regel, um „clean“ zu erstellen.  Schluss.
14:27:02 **** Build of configuration Debug for project gpsFWv2b ****
make all 
Building file: ../startup/startup_stm32l010x4.s
Invoking: MCU GCC Assembler
/Daten1/Daten/funk/sat/Amsat-Boards/firmware/GPS_V2/GPS_V2/gpsFWv2b/Debug
arm-none-eabi-as -mcpu=cortex-m0plus -mthumb -mfloat-abi=soft -g -o "startup/startup_stm32l010x4.o" "../startup/startup_stm32l010x4.s"
Finished building: ../startup/startup_stm32l010x4.s
 
Building file: ../Src/dma.c
Invoking: MCU GCC Compiler
/Daten1/Daten/funk/sat/Amsat-Boards/firmware/GPS_V2/GPS_V2/gpsFWv2b/Debug
arm-none-eabi-gcc -mcpu=cortex-m0plus -mthumb -mfloat-abi=soft '-D__weak=__attribute__((weak))' '-D__packed="__attribute__((__packed__))"' -DUSE_HAL_DRIVER -DSTM32L010x4 -I"/Daten1/Daten/funk/sat/Amsat-Boards/firmware/GPS_V2/GPS_V2/gpsFWv2b/Inc" -I/home/kurt/STM32Cube/Repository/STM32Cube_FW_L0_V1.11.2/Drivers/STM32L0xx_HAL_Driver/Inc -I/home/kurt/STM32Cube/Repository/STM32Cube_FW_L0_V1.11.2/Drivers/STM32L0xx_HAL_Driver/Inc/Legacy -I/home/kurt/STM32Cube/Repository/STM32Cube_FW_L0_V1.11.2/Drivers/CMSIS/Device/ST/STM32L0xx/Include -I/home/kurt/STM32Cube/Repository/STM32Cube_FW_L0_V1.11.2/Drivers/CMSIS/Include  -Og -g3 -Wall -fmessage-length=0 -ffunction-sections -c -fmessage-length=0 -MMD -MP -MF"Src/dma.d" -MT"Src/dma.o" -o "Src/dma.o" "../Src/dma.c"
Finished building: ../Src/dma.c
 
Building file: ../Src/gpio.c
Invoking: MCU GCC Compiler
/Daten1/Daten/funk/sat/Amsat-Boards/firmware/GPS_V2/GPS_V2/gpsFWv2b/Debug
arm-none-eabi-gcc -mcpu=cortex-m0plus -mthumb -mfloat-abi=soft '-D__weak=__attribute__((weak))' '-D__packed="__attribute__((__packed__))"' -DUSE_HAL_DRIVER -DSTM32L010x4 -I"/Daten1/Daten/funk/sat/Amsat-Boards/firmware/GPS_V2/GPS_V2/gpsFWv2b/Inc" -I/home/kurt/STM32Cube/Repository/STM32Cube_FW_L0_V1.11.2/Drivers/STM32L0xx_HAL_Driver/Inc -I/home/kurt/STM32Cube/Repository/STM32Cube_FW_L0_V1.11.2/Drivers/STM32L0xx_HAL_Driver/Inc/Legacy -I/home/kurt/STM32Cube/Repository/STM32Cube_FW_L0_V1.11.2/Drivers/CMSIS/Device/ST/STM32L0xx/Include -I/home/kurt/STM32Cube/Repository/STM32Cube_FW_L0_V1.11.2/Drivers/CMSIS/Include  -Og -g3 -Wall -fmessage-length=0 -ffunction-sections -c -fmessage-length=0 -MMD -MP -MF"Src/gpio.d" -MT"Src/gpio.o" -o "Src/gpio.o" "../Src/gpio.c"
Finished building: ../Src/gpio.c
 
Building file: ../Src/i2c.c
Invoking: MCU GCC Compiler
/Daten1/Daten/funk/sat/Amsat-Boards/firmware/GPS_V2/GPS_V2/gpsFWv2b/Debug
arm-none-eabi-gcc -mcpu=cortex-m0plus -mthumb -mfloat-abi=soft '-D__weak=__attribute__((weak))' '-D__packed="__attribute__((__packed__))"' -DUSE_HAL_DRIVER -DSTM32L010x4 -I"/Daten1/Daten/funk/sat/Amsat-Boards/firmware/GPS_V2/GPS_V2/gpsFWv2b/Inc" -I/home/kurt/STM32Cube/Repository/STM32Cube_FW_L0_V1.11.2/Drivers/STM32L0xx_HAL_Driver/Inc -I/home/kurt/STM32Cube/Repository/STM32Cube_FW_L0_V1.11.2/Drivers/STM32L0xx_HAL_Driver/Inc/Legacy -I/home/kurt/STM32Cube/Repository/STM32Cube_FW_L0_V1.11.2/Drivers/CMSIS/Device/ST/STM32L0xx/Include -I/home/kurt/STM32Cube/Repository/STM32Cube_FW_L0_V1.11.2/Drivers/CMSIS/Include  -Og -g3 -Wall -fmessage-length=0 -ffunction-sections -c -fmessage-length=0 -MMD -MP -MF"Src/i2c.d" -MT"Src/i2c.o" -o "Src/i2c.o" "../Src/i2c.c"
Finished building: ../Src/i2c.c
 
Building file: ../Src/main.c
Invoking: MCU GCC Compiler
/Daten1/Daten/funk/sat/Amsat-Boards/firmware/GPS_V2/GPS_V2/gpsFWv2b/Debug
arm-none-eabi-gcc -mcpu=cortex-m0plus -mthumb -mfloat-abi=soft '-D__weak=__attribute__((weak))' '-D__packed="__attribute__((__packed__))"' -DUSE_HAL_DRIVER -DSTM32L010x4 -I"/Daten1/Daten/funk/sat/Amsat-Boards/firmware/GPS_V2/GPS_V2/gpsFWv2b/Inc" -I/home/kurt/STM32Cube/Repository/STM32Cube_FW_L0_V1.11.2/Drivers/STM32L0xx_HAL_Driver/Inc -I/home/kurt/STM32Cube/Repository/STM32Cube_FW_L0_V1.11.2/Drivers/STM32L0xx_HAL_Driver/Inc/Legacy -I/home/kurt/STM32Cube/Repository/STM32Cube_FW_L0_V1.11.2/Drivers/CMSIS/Device/ST/STM32L0xx/Include -I/home/kurt/STM32Cube/Repository/STM32Cube_FW_L0_V1.11.2/Drivers/CMSIS/Include  -Og -g3 -Wall -fmessage-length=0 -ffunction-sections -c -fmessage-length=0 -MMD -MP -MF"Src/main.d" -MT"Src/main.o" -o "Src/main.o" "../Src/main.c"
Finished building: ../Src/main.c
 
Building file: ../Src/stm32l0xx_hal_msp.c
Invoking: MCU GCC Compiler
/Daten1/Daten/funk/sat/Amsat-Boards/firmware/GPS_V2/GPS_V2/gpsFWv2b/Debug
arm-none-eabi-gcc -mcpu=cortex-m0plus -mthumb -mfloat-abi=soft '-D__weak=__attribute__((weak))' '-D__packed="__attribute__((__packed__))"' -DUSE_HAL_DRIVER -DSTM32L010x4 -I"/Daten1/Daten/funk/sat/Amsat-Boards/firmware/GPS_V2/GPS_V2/gpsFWv2b/Inc" -I/home/kurt/STM32Cube/Repository/STM32Cube_FW_L0_V1.11.2/Drivers/STM32L0xx_HAL_Driver/Inc -I/home/kurt/STM32Cube/Repository/STM32Cube_FW_L0_V1.11.2/Drivers/STM32L0xx_HAL_Driver/Inc/Legacy -I/home/kurt/STM32Cube/Repository/STM32Cube_FW_L0_V1.11.2/Drivers/CMSIS/Device/ST/STM32L0xx/Include -I/home/kurt/STM32Cube/Repository/STM32Cube_FW_L0_V1.11.2/Drivers/CMSIS/Include  -Og -g3 -Wall -fmessage-length=0 -ffunction-sections -c -fmessage-length=0 -MMD -MP -MF"Src/stm32l0xx_hal_msp.d" -MT"Src/stm32l0xx_hal_msp.o" -o "Src/stm32l0xx_hal_msp.o" "../Src/stm32l0xx_hal_msp.c"
Finished building: ../Src/stm32l0xx_hal_msp.c
 
Building file: ../Src/stm32l0xx_it.c
Invoking: MCU GCC Compiler
/Daten1/Daten/funk/sat/Amsat-Boards/firmware/GPS_V2/GPS_V2/gpsFWv2b/Debug
arm-none-eabi-gcc -mcpu=cortex-m0plus -mthumb -mfloat-abi=soft '-D__weak=__attribute__((weak))' '-D__packed="__attribute__((__packed__))"' -DUSE_HAL_DRIVER -DSTM32L010x4 -I"/Daten1/Daten/funk/sat/Amsat-Boards/firmware/GPS_V2/GPS_V2/gpsFWv2b/Inc" -I/home/kurt/STM32Cube/Repository/STM32Cube_FW_L0_V1.11.2/Drivers/STM32L0xx_HAL_Driver/Inc -I/home/kurt/STM32Cube/Repository/STM32Cube_FW_L0_V1.11.2/Drivers/STM32L0xx_HAL_Driver/Inc/Legacy -I/home/kurt/STM32Cube/Repository/STM32Cube_FW_L0_V1.11.2/Drivers/CMSIS/Device/ST/STM32L0xx/Include -I/home/kurt/STM32Cube/Repository/STM32Cube_FW_L0_V1.11.2/Drivers/CMSIS/Include  -Og -g3 -Wall -fmessage-length=0 -ffunction-sections -c -fmessage-length=0 -MMD -MP -MF"Src/stm32l0xx_it.d" -MT"Src/stm32l0xx_it.o" -o "Src/stm32l0xx_it.o" "../Src/stm32l0xx_it.c"
Finished building: ../Src/stm32l0xx_it.c
 
Building file: ../Src/sys.c
Invoking: MCU GCC Compiler
/Daten1/Daten/funk/sat/Amsat-Boards/firmware/GPS_V2/GPS_V2/gpsFWv2b/Debug
arm-none-eabi-gcc -mcpu=cortex-m0plus -mthumb -mfloat-abi=soft '-D__weak=__attribute__((weak))' '-D__packed="__attribute__((__packed__))"' -DUSE_HAL_DRIVER -DSTM32L010x4 -I"/Daten1/Daten/funk/sat/Amsat-Boards/firmware/GPS_V2/GPS_V2/gpsFWv2b/Inc" -I/home/kurt/STM32Cube/Repository/STM32Cube_FW_L0_V1.11.2/Drivers/STM32L0xx_HAL_Driver/Inc -I/home/kurt/STM32Cube/Repository/STM32Cube_FW_L0_V1.11.2/Drivers/STM32L0xx_HAL_Driver/Inc/Legacy -I/home/kurt/STM32Cube/Repository/STM32Cube_FW_L0_V1.11.2/Drivers/CMSIS/Device/ST/STM32L0xx/Include -I/home/kurt/STM32Cube/Repository/STM32Cube_FW_L0_V1.11.2/Drivers/CMSIS/Include  -Og -g3 -Wall -fmessage-length=0 -ffunction-sections -c -fmessage-length=0 -MMD -MP -MF"Src/sys.d" -MT"Src/sys.o" -o "Src/sys.o" "../Src/sys.c"
Finished building: ../Src/sys.c
 
Building file: ../Src/syscalls.c
Invoking: MCU GCC Compiler
/Daten1/Daten/funk/sat/Amsat-Boards/firmware/GPS_V2/GPS_V2/gpsFWv2b/Debug
arm-none-eabi-gcc -mcpu=cortex-m0plus -mthumb -mfloat-abi=soft '-D__weak=__attribute__((weak))' '-D__packed="__attribute__((__packed__))"' -DUSE_HAL_DRIVER -DSTM32L010x4 -I"/Daten1/Daten/funk/sat/Amsat-Boards/firmware/GPS_V2/GPS_V2/gpsFWv2b/Inc" -I/home/kurt/STM32Cube/Repository/STM32Cube_FW_L0_V1.11.2/Drivers/STM32L0xx_HAL_Driver/Inc -I/home/kurt/STM32Cube/Repository/STM32Cube_FW_L0_V1.11.2/Drivers/STM32L0xx_HAL_Driver/Inc/Legacy -I/home/kurt/STM32Cube/Repository/STM32Cube_FW_L0_V1.11.2/Drivers/CMSIS/Device/ST/STM32L0xx/Include -I/home/kurt/STM32Cube/Repository/STM32Cube_FW_L0_V1.11.2/Drivers/CMSIS/Include  -Og -g3 -Wall -fmessage-length=0 -ffunction-sections -c -fmessage-length=0 -MMD -MP -MF"Src/syscalls.d" -MT"Src/syscalls.o" -o "Src/syscalls.o" "../Src/syscalls.c"
Finished building: ../Src/syscalls.c
 
Building file: ../Src/system_stm32l0xx.c
Invoking: MCU GCC Compiler
/Daten1/Daten/funk/sat/Amsat-Boards/firmware/GPS_V2/GPS_V2/gpsFWv2b/Debug
arm-none-eabi-gcc -mcpu=cortex-m0plus -mthumb -mfloat-abi=soft '-D__weak=__attribute__((weak))' '-D__packed="__attribute__((__packed__))"' -DUSE_HAL_DRIVER -DSTM32L010x4 -I"/Daten1/Daten/funk/sat/Amsat-Boards/firmware/GPS_V2/GPS_V2/gpsFWv2b/Inc" -I/home/kurt/STM32Cube/Repository/STM32Cube_FW_L0_V1.11.2/Drivers/STM32L0xx_HAL_Driver/Inc -I/home/kurt/STM32Cube/Repository/STM32Cube_FW_L0_V1.11.2/Drivers/STM32L0xx_HAL_Driver/Inc/Legacy -I/home/kurt/STM32Cube/Repository/STM32Cube_FW_L0_V1.11.2/Drivers/CMSIS/Device/ST/STM32L0xx/Include -I/home/kurt/STM32Cube/Repository/STM32Cube_FW_L0_V1.11.2/Drivers/CMSIS/Include  -Og -g3 -Wall -fmessage-length=0 -ffunction-sections -c -fmessage-length=0 -MMD -MP -MF"Src/system_stm32l0xx.d" -MT"Src/system_stm32l0xx.o" -o "Src/system_stm32l0xx.o" "../Src/system_stm32l0xx.c"
Finished building: ../Src/system_stm32l0xx.c
 
Building file: ../Src/tim.c
Invoking: MCU GCC Compiler
/Daten1/Daten/funk/sat/Amsat-Boards/firmware/GPS_V2/GPS_V2/gpsFWv2b/Debug
arm-none-eabi-gcc -mcpu=cortex-m0plus -mthumb -mfloat-abi=soft '-D__weak=__attribute__((weak))' '-D__packed="__attribute__((__packed__))"' -DUSE_HAL_DRIVER -DSTM32L010x4 -I"/Daten1/Daten/funk/sat/Amsat-Boards/firmware/GPS_V2/GPS_V2/gpsFWv2b/Inc" -I/home/kurt/STM32Cube/Repository/STM32Cube_FW_L0_V1.11.2/Drivers/STM32L0xx_HAL_Driver/Inc -I/home/kurt/STM32Cube/Repository/STM32Cube_FW_L0_V1.11.2/Drivers/STM32L0xx_HAL_Driver/Inc/Legacy -I/home/kurt/STM32Cube/Repository/STM32Cube_FW_L0_V1.11.2/Drivers/CMSIS/Device/ST/STM32L0xx/Include -I/home/kurt/STM32Cube/Repository/STM32Cube_FW_L0_V1.11.2/Drivers/CMSIS/Include  -Og -g3 -Wall -fmessage-length=0 -ffunction-sections -c -fmessage-length=0 -MMD -MP -MF"Src/tim.d" -MT"Src/tim.o" -o "Src/tim.o" "../Src/tim.c"
Finished building: ../Src/tim.c
 
Building file: ../Src/usart.c
Invoking: MCU GCC Compiler
/Daten1/Daten/funk/sat/Amsat-Boards/firmware/GPS_V2/GPS_V2/gpsFWv2b/Debug
arm-none-eabi-gcc -mcpu=cortex-m0plus -mthumb -mfloat-abi=soft '-D__weak=__attribute__((weak))' '-D__packed="__attribute__((__packed__))"' -DUSE_HAL_DRIVER -DSTM32L010x4 -I"/Daten1/Daten/funk/sat/Amsat-Boards/firmware/GPS_V2/GPS_V2/gpsFWv2b/Inc" -I/home/kurt/STM32Cube/Repository/STM32Cube_FW_L0_V1.11.2/Drivers/STM32L0xx_HAL_Driver/Inc -I/home/kurt/STM32Cube/Repository/STM32Cube_FW_L0_V1.11.2/Drivers/STM32L0xx_HAL_Driver/Inc/Legacy -I/home/kurt/STM32Cube/Repository/STM32Cube_FW_L0_V1.11.2/Drivers/CMSIS/Device/ST/STM32L0xx/Include -I/home/kurt/STM32Cube/Repository/STM32Cube_FW_L0_V1.11.2/Drivers/CMSIS/Include  -Og -g3 -Wall -fmessage-length=0 -ffunction-sections -c -fmessage-length=0 -MMD -MP -MF"Src/usart.d" -MT"Src/usart.o" -o "Src/usart.o" "../Src/usart.c"
Finished building: ../Src/usart.c
 
Building file: /home/kurt/STM32Cube/Repository/STM32Cube_FW_L0_V1.11.2/Drivers/STM32L0xx_HAL_Driver/Src/stm32l0xx_hal.c
Invoking: MCU GCC Compiler
/Daten1/Daten/funk/sat/Amsat-Boards/firmware/GPS_V2/GPS_V2/gpsFWv2b/Debug
arm-none-eabi-gcc -mcpu=cortex-m0plus -mthumb -mfloat-abi=soft '-D__weak=__attribute__((weak))' '-D__packed="__attribute__((__packed__))"' -DUSE_HAL_DRIVER -DSTM32L010x4 -I"/Daten1/Daten/funk/sat/Amsat-Boards/firmware/GPS_V2/GPS_V2/gpsFWv2b/Inc" -I/home/kurt/STM32Cube/Repository/STM32Cube_FW_L0_V1.11.2/Drivers/STM32L0xx_HAL_Driver/Inc -I/home/kurt/STM32Cube/Repository/STM32Cube_FW_L0_V1.11.2/Drivers/STM32L0xx_HAL_Driver/Inc/Legacy -I/home/kurt/STM32Cube/Repository/STM32Cube_FW_L0_V1.11.2/Drivers/CMSIS/Device/ST/STM32L0xx/Include -I/home/kurt/STM32Cube/Repository/STM32Cube_FW_L0_V1.11.2/Drivers/CMSIS/Include  -Og -g3 -Wall -fmessage-length=0 -ffunction-sections -c -fmessage-length=0 -MMD -MP -MF"Drivers/STM32L0xx_HAL_Driver/stm32l0xx_hal.d" -MT"Drivers/STM32L0xx_HAL_Driver/stm32l0xx_hal.o" -o "Drivers/STM32L0xx_HAL_Driver/stm32l0xx_hal.o" "/home/kurt/STM32Cube/Repository/STM32Cube_FW_L0_V1.11.2/Drivers/STM32L0xx_HAL_Driver/Src/stm32l0xx_hal.c"
Finished building: /home/kurt/STM32Cube/Repository/STM32Cube_FW_L0_V1.11.2/Drivers/STM32L0xx_HAL_Driver/Src/stm32l0xx_hal.c
 
Building file: /home/kurt/STM32Cube/Repository/STM32Cube_FW_L0_V1.11.2/Drivers/STM32L0xx_HAL_Driver/Src/stm32l0xx_hal_cortex.c
Invoking: MCU GCC Compiler
/Daten1/Daten/funk/sat/Amsat-Boards/firmware/GPS_V2/GPS_V2/gpsFWv2b/Debug
arm-none-eabi-gcc -mcpu=cortex-m0plus -mthumb -mfloat-abi=soft '-D__weak=__attribute__((weak))' '-D__packed="__attribute__((__packed__))"' -DUSE_HAL_DRIVER -DSTM32L010x4 -I"/Daten1/Daten/funk/sat/Amsat-Boards/firmware/GPS_V2/GPS_V2/gpsFWv2b/Inc" -I/home/kurt/STM32Cube/Repository/STM32Cube_FW_L0_V1.11.2/Drivers/STM32L0xx_HAL_Driver/Inc -I/home/kurt/STM32Cube/Repository/STM32Cube_FW_L0_V1.11.2/Drivers/STM32L0xx_HAL_Driver/Inc/Legacy -I/home/kurt/STM32Cube/Repository/STM32Cube_FW_L0_V1.11.2/Drivers/CMSIS/Device/ST/STM32L0xx/Include -I/home/kurt/STM32Cube/Repository/STM32Cube_FW_L0_V1.11.2/Drivers/CMSIS/Include  -Og -g3 -Wall -fmessage-length=0 -ffunction-sections -c -fmessage-length=0 -MMD -MP -MF"Drivers/STM32L0xx_HAL_Driver/stm32l0xx_hal_cortex.d" -MT"Drivers/STM32L0xx_HAL_Driver/stm32l0xx_hal_cortex.o" -o "Drivers/STM32L0xx_HAL_Driver/stm32l0xx_hal_cortex.o" "/home/kurt/STM32Cube/Repository/STM32Cube_FW_L0_V1.11.2/Drivers/STM32L0xx_HAL_Driver/Src/stm32l0xx_hal_cortex.c"
Finished building: /home/kurt/STM32Cube/Repository/STM32Cube_FW_L0_V1.11.2/Drivers/STM32L0xx_HAL_Driver/Src/stm32l0xx_hal_cortex.c
 
Building file: /home/kurt/STM32Cube/Repository/STM32Cube_FW_L0_V1.11.2/Drivers/STM32L0xx_HAL_Driver/Src/stm32l0xx_hal_dma.c
Invoking: MCU GCC Compiler
/Daten1/Daten/funk/sat/Amsat-Boards/firmware/GPS_V2/GPS_V2/gpsFWv2b/Debug
arm-none-eabi-gcc -mcpu=cortex-m0plus -mthumb -mfloat-abi=soft '-D__weak=__attribute__((weak))' '-D__packed="__attribute__((__packed__))"' -DUSE_HAL_DRIVER -DSTM32L010x4 -I"/Daten1/Daten/funk/sat/Amsat-Boards/firmware/GPS_V2/GPS_V2/gpsFWv2b/Inc" -I/home/kurt/STM32Cube/Repository/STM32Cube_FW_L0_V1.11.2/Drivers/STM32L0xx_HAL_Driver/Inc -I/home/kurt/STM32Cube/Repository/STM32Cube_FW_L0_V1.11.2/Drivers/STM32L0xx_HAL_Driver/Inc/Legacy -I/home/kurt/STM32Cube/Repository/STM32Cube_FW_L0_V1.11.2/Drivers/CMSIS/Device/ST/STM32L0xx/Include -I/home/kurt/STM32Cube/Repository/STM32Cube_FW_L0_V1.11.2/Drivers/CMSIS/Include  -Og -g3 -Wall -fmessage-length=0 -ffunction-sections -c -fmessage-length=0 -MMD -MP -MF"Drivers/STM32L0xx_HAL_Driver/stm32l0xx_hal_dma.d" -MT"Drivers/STM32L0xx_HAL_Driver/stm32l0xx_hal_dma.o" -o "Drivers/STM32L0xx_HAL_Driver/stm32l0xx_hal_dma.o" "/home/kurt/STM32Cube/Repository/STM32Cube_FW_L0_V1.11.2/Drivers/STM32L0xx_HAL_Driver/Src/stm32l0xx_hal_dma.c"
Finished building: /home/kurt/STM32Cube/Repository/STM32Cube_FW_L0_V1.11.2/Drivers/STM32L0xx_HAL_Driver/Src/stm32l0xx_hal_dma.c
 
Building file: /home/kurt/STM32Cube/Repository/STM32Cube_FW_L0_V1.11.2/Drivers/STM32L0xx_HAL_Driver/Src/stm32l0xx_hal_flash.c
Invoking: MCU GCC Compiler
/Daten1/Daten/funk/sat/Amsat-Boards/firmware/GPS_V2/GPS_V2/gpsFWv2b/Debug
arm-none-eabi-gcc -mcpu=cortex-m0plus -mthumb -mfloat-abi=soft '-D__weak=__attribute__((weak))' '-D__packed="__attribute__((__packed__))"' -DUSE_HAL_DRIVER -DSTM32L010x4 -I"/Daten1/Daten/funk/sat/Amsat-Boards/firmware/GPS_V2/GPS_V2/gpsFWv2b/Inc" -I/home/kurt/STM32Cube/Repository/STM32Cube_FW_L0_V1.11.2/Drivers/STM32L0xx_HAL_Driver/Inc -I/home/kurt/STM32Cube/Repository/STM32Cube_FW_L0_V1.11.2/Drivers/STM32L0xx_HAL_Driver/Inc/Legacy -I/home/kurt/STM32Cube/Repository/STM32Cube_FW_L0_V1.11.2/Drivers/CMSIS/Device/ST/STM32L0xx/Include -I/home/kurt/STM32Cube/Repository/STM32Cube_FW_L0_V1.11.2/Drivers/CMSIS/Include  -Og -g3 -Wall -fmessage-length=0 -ffunction-sections -c -fmessage-length=0 -MMD -MP -MF"Drivers/STM32L0xx_HAL_Driver/stm32l0xx_hal_flash.d" -MT"Drivers/STM32L0xx_HAL_Driver/stm32l0xx_hal_flash.o" -o "Drivers/STM32L0xx_HAL_Driver/stm32l0xx_hal_flash.o" "/home/kurt/STM32Cube/Repository/STM32Cube_FW_L0_V1.11.2/Drivers/STM32L0xx_HAL_Driver/Src/stm32l0xx_hal_flash.c"
Finished building: /home/kurt/STM32Cube/Repository/STM32Cube_FW_L0_V1.11.2/Drivers/STM32L0xx_HAL_Driver/Src/stm32l0xx_hal_flash.c
 
Building file: /home/kurt/STM32Cube/Repository/STM32Cube_FW_L0_V1.11.2/Drivers/STM32L0xx_HAL_Driver/Src/stm32l0xx_hal_flash_ex.c
Invoking: MCU GCC Compiler
/Daten1/Daten/funk/sat/Amsat-Boards/firmware/GPS_V2/GPS_V2/gpsFWv2b/Debug
arm-none-eabi-gcc -mcpu=cortex-m0plus -mthumb -mfloat-abi=soft '-D__weak=__attribute__((weak))' '-D__packed="__attribute__((__packed__))"' -DUSE_HAL_DRIVER -DSTM32L010x4 -I"/Daten1/Daten/funk/sat/Amsat-Boards/firmware/GPS_V2/GPS_V2/gpsFWv2b/Inc" -I/home/kurt/STM32Cube/Repository/STM32Cube_FW_L0_V1.11.2/Drivers/STM32L0xx_HAL_Driver/Inc -I/home/kurt/STM32Cube/Repository/STM32Cube_FW_L0_V1.11.2/Drivers/STM32L0xx_HAL_Driver/Inc/Legacy -I/home/kurt/STM32Cube/Repository/STM32Cube_FW_L0_V1.11.2/Drivers/CMSIS/Device/ST/STM32L0xx/Include -I/home/kurt/STM32Cube/Repository/STM32Cube_FW_L0_V1.11.2/Drivers/CMSIS/Include  -Og -g3 -Wall -fmessage-length=0 -ffunction-sections -c -fmessage-length=0 -MMD -MP -MF"Drivers/STM32L0xx_HAL_Driver/stm32l0xx_hal_flash_ex.d" -MT"Drivers/STM32L0xx_HAL_Driver/stm32l0xx_hal_flash_ex.o" -o "Drivers/STM32L0xx_HAL_Driver/stm32l0xx_hal_flash_ex.o" "/home/kurt/STM32Cube/Repository/STM32Cube_FW_L0_V1.11.2/Drivers/STM32L0xx_HAL_Driver/Src/stm32l0xx_hal_flash_ex.c"
Finished building: /home/kurt/STM32Cube/Repository/STM32Cube_FW_L0_V1.11.2/Drivers/STM32L0xx_HAL_Driver/Src/stm32l0xx_hal_flash_ex.c
 
Building file: /home/kurt/STM32Cube/Repository/STM32Cube_FW_L0_V1.11.2/Drivers/STM32L0xx_HAL_Driver/Src/stm32l0xx_hal_flash_ramfunc.c
Invoking: MCU GCC Compiler
/Daten1/Daten/funk/sat/Amsat-Boards/firmware/GPS_V2/GPS_V2/gpsFWv2b/Debug
arm-none-eabi-gcc -mcpu=cortex-m0plus -mthumb -mfloat-abi=soft '-D__weak=__attribute__((weak))' '-D__packed="__attribute__((__packed__))"' -DUSE_HAL_DRIVER -DSTM32L010x4 -I"/Daten1/Daten/funk/sat/Amsat-Boards/firmware/GPS_V2/GPS_V2/gpsFWv2b/Inc" -I/home/kurt/STM32Cube/Repository/STM32Cube_FW_L0_V1.11.2/Drivers/STM32L0xx_HAL_Driver/Inc -I/home/kurt/STM32Cube/Repository/STM32Cube_FW_L0_V1.11.2/Drivers/STM32L0xx_HAL_Driver/Inc/Legacy -I/home/kurt/STM32Cube/Repository/STM32Cube_FW_L0_V1.11.2/Drivers/CMSIS/Device/ST/STM32L0xx/Include -I/home/kurt/STM32Cube/Repository/STM32Cube_FW_L0_V1.11.2/Drivers/CMSIS/Include  -Og -g3 -Wall -fmessage-length=0 -ffunction-sections -c -fmessage-length=0 -MMD -MP -MF"Drivers/STM32L0xx_HAL_Driver/stm32l0xx_hal_flash_ramfunc.d" -MT"Drivers/STM32L0xx_HAL_Driver/stm32l0xx_hal_flash_ramfunc.o" -o "Drivers/STM32L0xx_HAL_Driver/stm32l0xx_hal_flash_ramfunc.o" "/home/kurt/STM32Cube/Repository/STM32Cube_FW_L0_V1.11.2/Drivers/STM32L0xx_HAL_Driver/Src/stm32l0xx_hal_flash_ramfunc.c"
Finished building: /home/kurt/STM32Cube/Repository/STM32Cube_FW_L0_V1.11.2/Drivers/STM32L0xx_HAL_Driver/Src/stm32l0xx_hal_flash_ramfunc.c
 
Building file: /home/kurt/STM32Cube/Repository/STM32Cube_FW_L0_V1.11.2/Drivers/STM32L0xx_HAL_Driver/Src/stm32l0xx_hal_gpio.c
Invoking: MCU GCC Compiler
/Daten1/Daten/funk/sat/Amsat-Boards/firmware/GPS_V2/GPS_V2/gpsFWv2b/Debug
arm-none-eabi-gcc -mcpu=cortex-m0plus -mthumb -mfloat-abi=soft '-D__weak=__attribute__((weak))' '-D__packed="__attribute__((__packed__))"' -DUSE_HAL_DRIVER -DSTM32L010x4 -I"/Daten1/Daten/funk/sat/Amsat-Boards/firmware/GPS_V2/GPS_V2/gpsFWv2b/Inc" -I/home/kurt/STM32Cube/Repository/STM32Cube_FW_L0_V1.11.2/Drivers/STM32L0xx_HAL_Driver/Inc -I/home/kurt/STM32Cube/Repository/STM32Cube_FW_L0_V1.11.2/Drivers/STM32L0xx_HAL_Driver/Inc/Legacy -I/home/kurt/STM32Cube/Repository/STM32Cube_FW_L0_V1.11.2/Drivers/CMSIS/Device/ST/STM32L0xx/Include -I/home/kurt/STM32Cube/Repository/STM32Cube_FW_L0_V1.11.2/Drivers/CMSIS/Include  -Og -g3 -Wall -fmessage-length=0 -ffunction-sections -c -fmessage-length=0 -MMD -MP -MF"Drivers/STM32L0xx_HAL_Driver/stm32l0xx_hal_gpio.d" -MT"Drivers/STM32L0xx_HAL_Driver/stm32l0xx_hal_gpio.o" -o "Drivers/STM32L0xx_HAL_Driver/stm32l0xx_hal_gpio.o" "/home/kurt/STM32Cube/Repository/STM32Cube_FW_L0_V1.11.2/Drivers/STM32L0xx_HAL_Driver/Src/stm32l0xx_hal_gpio.c"
Finished building: /home/kurt/STM32Cube/Repository/STM32Cube_FW_L0_V1.11.2/Drivers/STM32L0xx_HAL_Driver/Src/stm32l0xx_hal_gpio.c
 
Building file: /home/kurt/STM32Cube/Repository/STM32Cube_FW_L0_V1.11.2/Drivers/STM32L0xx_HAL_Driver/Src/stm32l0xx_hal_i2c.c
Invoking: MCU GCC Compiler
/Daten1/Daten/funk/sat/Amsat-Boards/firmware/GPS_V2/GPS_V2/gpsFWv2b/Debug
arm-none-eabi-gcc -mcpu=cortex-m0plus -mthumb -mfloat-abi=soft '-D__weak=__attribute__((weak))' '-D__packed="__attribute__((__packed__))"' -DUSE_HAL_DRIVER -DSTM32L010x4 -I"/Daten1/Daten/funk/sat/Amsat-Boards/firmware/GPS_V2/GPS_V2/gpsFWv2b/Inc" -I/home/kurt/STM32Cube/Repository/STM32Cube_FW_L0_V1.11.2/Drivers/STM32L0xx_HAL_Driver/Inc -I/home/kurt/STM32Cube/Repository/STM32Cube_FW_L0_V1.11.2/Drivers/STM32L0xx_HAL_Driver/Inc/Legacy -I/home/kurt/STM32Cube/Repository/STM32Cube_FW_L0_V1.11.2/Drivers/CMSIS/Device/ST/STM32L0xx/Include -I/home/kurt/STM32Cube/Repository/STM32Cube_FW_L0_V1.11.2/Drivers/CMSIS/Include  -Og -g3 -Wall -fmessage-length=0 -ffunction-sections -c -fmessage-length=0 -MMD -MP -MF"Drivers/STM32L0xx_HAL_Driver/stm32l0xx_hal_i2c.d" -MT"Drivers/STM32L0xx_HAL_Driver/stm32l0xx_hal_i2c.o" -o "Drivers/STM32L0xx_HAL_Driver/stm32l0xx_hal_i2c.o" "/home/kurt/STM32Cube/Repository/STM32Cube_FW_L0_V1.11.2/Drivers/STM32L0xx_HAL_Driver/Src/stm32l0xx_hal_i2c.c"
Finished building: /home/kurt/STM32Cube/Repository/STM32Cube_FW_L0_V1.11.2/Drivers/STM32L0xx_HAL_Driver/Src/stm32l0xx_hal_i2c.c
 
Building file: /home/kurt/STM32Cube/Repository/STM32Cube_FW_L0_V1.11.2/Drivers/STM32L0xx_HAL_Driver/Src/stm32l0xx_hal_i2c_ex.c
Invoking: MCU GCC Compiler
/Daten1/Daten/funk/sat/Amsat-Boards/firmware/GPS_V2/GPS_V2/gpsFWv2b/Debug
arm-none-eabi-gcc -mcpu=cortex-m0plus -mthumb -mfloat-abi=soft '-D__weak=__attribute__((weak))' '-D__packed="__attribute__((__packed__))"' -DUSE_HAL_DRIVER -DSTM32L010x4 -I"/Daten1/Daten/funk/sat/Amsat-Boards/firmware/GPS_V2/GPS_V2/gpsFWv2b/Inc" -I/home/kurt/STM32Cube/Repository/STM32Cube_FW_L0_V1.11.2/Drivers/STM32L0xx_HAL_Driver/Inc -I/home/kurt/STM32Cube/Repository/STM32Cube_FW_L0_V1.11.2/Drivers/STM32L0xx_HAL_Driver/Inc/Legacy -I/home/kurt/STM32Cube/Repository/STM32Cube_FW_L0_V1.11.2/Drivers/CMSIS/Device/ST/STM32L0xx/Include -I/home/kurt/STM32Cube/Repository/STM32Cube_FW_L0_V1.11.2/Drivers/CMSIS/Include  -Og -g3 -Wall -fmessage-length=0 -ffunction-sections -c -fmessage-length=0 -MMD -MP -MF"Drivers/STM32L0xx_HAL_Driver/stm32l0xx_hal_i2c_ex.d" -MT"Drivers/STM32L0xx_HAL_Driver/stm32l0xx_hal_i2c_ex.o" -o "Drivers/STM32L0xx_HAL_Driver/stm32l0xx_hal_i2c_ex.o" "/home/kurt/STM32Cube/Repository/STM32Cube_FW_L0_V1.11.2/Drivers/STM32L0xx_HAL_Driver/Src/stm32l0xx_hal_i2c_ex.c"
Finished building: /home/kurt/STM32Cube/Repository/STM32Cube_FW_L0_V1.11.2/Drivers/STM32L0xx_HAL_Driver/Src/stm32l0xx_hal_i2c_ex.c
 
Building file: /home/kurt/STM32Cube/Repository/STM32Cube_FW_L0_V1.11.2/Drivers/STM32L0xx_HAL_Driver/Src/stm32l0xx_hal_pwr.c
Invoking: MCU GCC Compiler
/Daten1/Daten/funk/sat/Amsat-Boards/firmware/GPS_V2/GPS_V2/gpsFWv2b/Debug
arm-none-eabi-gcc -mcpu=cortex-m0plus -mthumb -mfloat-abi=soft '-D__weak=__attribute__((weak))' '-D__packed="__attribute__((__packed__))"' -DUSE_HAL_DRIVER -DSTM32L010x4 -I"/Daten1/Daten/funk/sat/Amsat-Boards/firmware/GPS_V2/GPS_V2/gpsFWv2b/Inc" -I/home/kurt/STM32Cube/Repository/STM32Cube_FW_L0_V1.11.2/Drivers/STM32L0xx_HAL_Driver/Inc -I/home/kurt/STM32Cube/Repository/STM32Cube_FW_L0_V1.11.2/Drivers/STM32L0xx_HAL_Driver/Inc/Legacy -I/home/kurt/STM32Cube/Repository/STM32Cube_FW_L0_V1.11.2/Drivers/CMSIS/Device/ST/STM32L0xx/Include -I/home/kurt/STM32Cube/Repository/STM32Cube_FW_L0_V1.11.2/Drivers/CMSIS/Include  -Og -g3 -Wall -fmessage-length=0 -ffunction-sections -c -fmessage-length=0 -MMD -MP -MF"Drivers/STM32L0xx_HAL_Driver/stm32l0xx_hal_pwr.d" -MT"Drivers/STM32L0xx_HAL_Driver/stm32l0xx_hal_pwr.o" -o "Drivers/STM32L0xx_HAL_Driver/stm32l0xx_hal_pwr.o" "/home/kurt/STM32Cube/Repository/STM32Cube_FW_L0_V1.11.2/Drivers/STM32L0xx_HAL_Driver/Src/stm32l0xx_hal_pwr.c"
Finished building: /home/kurt/STM32Cube/Repository/STM32Cube_FW_L0_V1.11.2/Drivers/STM32L0xx_HAL_Driver/Src/stm32l0xx_hal_pwr.c
 
Building file: /home/kurt/STM32Cube/Repository/STM32Cube_FW_L0_V1.11.2/Drivers/STM32L0xx_HAL_Driver/Src/stm32l0xx_hal_pwr_ex.c
Invoking: MCU GCC Compiler
/Daten1/Daten/funk/sat/Amsat-Boards/firmware/GPS_V2/GPS_V2/gpsFWv2b/Debug
arm-none-eabi-gcc -mcpu=cortex-m0plus -mthumb -mfloat-abi=soft '-D__weak=__attribute__((weak))' '-D__packed="__attribute__((__packed__))"' -DUSE_HAL_DRIVER -DSTM32L010x4 -I"/Daten1/Daten/funk/sat/Amsat-Boards/firmware/GPS_V2/GPS_V2/gpsFWv2b/Inc" -I/home/kurt/STM32Cube/Repository/STM32Cube_FW_L0_V1.11.2/Drivers/STM32L0xx_HAL_Driver/Inc -I/home/kurt/STM32Cube/Repository/STM32Cube_FW_L0_V1.11.2/Drivers/STM32L0xx_HAL_Driver/Inc/Legacy -I/home/kurt/STM32Cube/Repository/STM32Cube_FW_L0_V1.11.2/Drivers/CMSIS/Device/ST/STM32L0xx/Include -I/home/kurt/STM32Cube/Repository/STM32Cube_FW_L0_V1.11.2/Drivers/CMSIS/Include  -Og -g3 -Wall -fmessage-length=0 -ffunction-sections -c -fmessage-length=0 -MMD -MP -MF"Drivers/STM32L0xx_HAL_Driver/stm32l0xx_hal_pwr_ex.d" -MT"Drivers/STM32L0xx_HAL_Driver/stm32l0xx_hal_pwr_ex.o" -o "Drivers/STM32L0xx_HAL_Driver/stm32l0xx_hal_pwr_ex.o" "/home/kurt/STM32Cube/Repository/STM32Cube_FW_L0_V1.11.2/Drivers/STM32L0xx_HAL_Driver/Src/stm32l0xx_hal_pwr_ex.c"
Finished building: /home/kurt/STM32Cube/Repository/STM32Cube_FW_L0_V1.11.2/Drivers/STM32L0xx_HAL_Driver/Src/stm32l0xx_hal_pwr_ex.c
 
Building file: /home/kurt/STM32Cube/Repository/STM32Cube_FW_L0_V1.11.2/Drivers/STM32L0xx_HAL_Driver/Src/stm32l0xx_hal_rcc.c
Invoking: MCU GCC Compiler
/Daten1/Daten/funk/sat/Amsat-Boards/firmware/GPS_V2/GPS_V2/gpsFWv2b/Debug
arm-none-eabi-gcc -mcpu=cortex-m0plus -mthumb -mfloat-abi=soft '-D__weak=__attribute__((weak))' '-D__packed="__attribute__((__packed__))"' -DUSE_HAL_DRIVER -DSTM32L010x4 -I"/Daten1/Daten/funk/sat/Amsat-Boards/firmware/GPS_V2/GPS_V2/gpsFWv2b/Inc" -I/home/kurt/STM32Cube/Repository/STM32Cube_FW_L0_V1.11.2/Drivers/STM32L0xx_HAL_Driver/Inc -I/home/kurt/STM32Cube/Repository/STM32Cube_FW_L0_V1.11.2/Drivers/STM32L0xx_HAL_Driver/Inc/Legacy -I/home/kurt/STM32Cube/Repository/STM32Cube_FW_L0_V1.11.2/Drivers/CMSIS/Device/ST/STM32L0xx/Include -I/home/kurt/STM32Cube/Repository/STM32Cube_FW_L0_V1.11.2/Drivers/CMSIS/Include  -Og -g3 -Wall -fmessage-length=0 -ffunction-sections -c -fmessage-length=0 -MMD -MP -MF"Drivers/STM32L0xx_HAL_Driver/stm32l0xx_hal_rcc.d" -MT"Drivers/STM32L0xx_HAL_Driver/stm32l0xx_hal_rcc.o" -o "Drivers/STM32L0xx_HAL_Driver/stm32l0xx_hal_rcc.o" "/home/kurt/STM32Cube/Repository/STM32Cube_FW_L0_V1.11.2/Drivers/STM32L0xx_HAL_Driver/Src/stm32l0xx_hal_rcc.c"
Finished building: /home/kurt/STM32Cube/Repository/STM32Cube_FW_L0_V1.11.2/Drivers/STM32L0xx_HAL_Driver/Src/stm32l0xx_hal_rcc.c
 
Building file: /home/kurt/STM32Cube/Repository/STM32Cube_FW_L0_V1.11.2/Drivers/STM32L0xx_HAL_Driver/Src/stm32l0xx_hal_rcc_ex.c
Invoking: MCU GCC Compiler
/Daten1/Daten/funk/sat/Amsat-Boards/firmware/GPS_V2/GPS_V2/gpsFWv2b/Debug
arm-none-eabi-gcc -mcpu=cortex-m0plus -mthumb -mfloat-abi=soft '-D__weak=__attribute__((weak))' '-D__packed="__attribute__((__packed__))"' -DUSE_HAL_DRIVER -DSTM32L010x4 -I"/Daten1/Daten/funk/sat/Amsat-Boards/firmware/GPS_V2/GPS_V2/gpsFWv2b/Inc" -I/home/kurt/STM32Cube/Repository/STM32Cube_FW_L0_V1.11.2/Drivers/STM32L0xx_HAL_Driver/Inc -I/home/kurt/STM32Cube/Repository/STM32Cube_FW_L0_V1.11.2/Drivers/STM32L0xx_HAL_Driver/Inc/Legacy -I/home/kurt/STM32Cube/Repository/STM32Cube_FW_L0_V1.11.2/Drivers/CMSIS/Device/ST/STM32L0xx/Include -I/home/kurt/STM32Cube/Repository/STM32Cube_FW_L0_V1.11.2/Drivers/CMSIS/Include  -Og -g3 -Wall -fmessage-length=0 -ffunction-sections -c -fmessage-length=0 -MMD -MP -MF"Drivers/STM32L0xx_HAL_Driver/stm32l0xx_hal_rcc_ex.d" -MT"Drivers/STM32L0xx_HAL_Driver/stm32l0xx_hal_rcc_ex.o" -o "Drivers/STM32L0xx_HAL_Driver/stm32l0xx_hal_rcc_ex.o" "/home/kurt/STM32Cube/Repository/STM32Cube_FW_L0_V1.11.2/Drivers/STM32L0xx_HAL_Driver/Src/stm32l0xx_hal_rcc_ex.c"
Finished building: /home/kurt/STM32Cube/Repository/STM32Cube_FW_L0_V1.11.2/Drivers/STM32L0xx_HAL_Driver/Src/stm32l0xx_hal_rcc_ex.c
 
Building file: /home/kurt/STM32Cube/Repository/STM32Cube_FW_L0_V1.11.2/Drivers/STM32L0xx_HAL_Driver/Src/stm32l0xx_hal_tim.c
Invoking: MCU GCC Compiler
/Daten1/Daten/funk/sat/Amsat-Boards/firmware/GPS_V2/GPS_V2/gpsFWv2b/Debug
arm-none-eabi-gcc -mcpu=cortex-m0plus -mthumb -mfloat-abi=soft '-D__weak=__attribute__((weak))' '-D__packed="__attribute__((__packed__))"' -DUSE_HAL_DRIVER -DSTM32L010x4 -I"/Daten1/Daten/funk/sat/Amsat-Boards/firmware/GPS_V2/GPS_V2/gpsFWv2b/Inc" -I/home/kurt/STM32Cube/Repository/STM32Cube_FW_L0_V1.11.2/Drivers/STM32L0xx_HAL_Driver/Inc -I/home/kurt/STM32Cube/Repository/STM32Cube_FW_L0_V1.11.2/Drivers/STM32L0xx_HAL_Driver/Inc/Legacy -I/home/kurt/STM32Cube/Repository/STM32Cube_FW_L0_V1.11.2/Drivers/CMSIS/Device/ST/STM32L0xx/Include -I/home/kurt/STM32Cube/Repository/STM32Cube_FW_L0_V1.11.2/Drivers/CMSIS/Include  -Og -g3 -Wall -fmessage-length=0 -ffunction-sections -c -fmessage-length=0 -MMD -MP -MF"Drivers/STM32L0xx_HAL_Driver/stm32l0xx_hal_tim.d" -MT"Drivers/STM32L0xx_HAL_Driver/stm32l0xx_hal_tim.o" -o "Drivers/STM32L0xx_HAL_Driver/stm32l0xx_hal_tim.o" "/home/kurt/STM32Cube/Repository/STM32Cube_FW_L0_V1.11.2/Drivers/STM32L0xx_HAL_Driver/Src/stm32l0xx_hal_tim.c"
Finished building: /home/kurt/STM32Cube/Repository/STM32Cube_FW_L0_V1.11.2/Drivers/STM32L0xx_HAL_Driver/Src/stm32l0xx_hal_tim.c
 
Building file: /home/kurt/STM32Cube/Repository/STM32Cube_FW_L0_V1.11.2/Drivers/STM32L0xx_HAL_Driver/Src/stm32l0xx_hal_tim_ex.c
Invoking: MCU GCC Compiler
/Daten1/Daten/funk/sat/Amsat-Boards/firmware/GPS_V2/GPS_V2/gpsFWv2b/Debug
arm-none-eabi-gcc -mcpu=cortex-m0plus -mthumb -mfloat-abi=soft '-D__weak=__attribute__((weak))' '-D__packed="__attribute__((__packed__))"' -DUSE_HAL_DRIVER -DSTM32L010x4 -I"/Daten1/Daten/funk/sat/Amsat-Boards/firmware/GPS_V2/GPS_V2/gpsFWv2b/Inc" -I/home/kurt/STM32Cube/Repository/STM32Cube_FW_L0_V1.11.2/Drivers/STM32L0xx_HAL_Driver/Inc -I/home/kurt/STM32Cube/Repository/STM32Cube_FW_L0_V1.11.2/Drivers/STM32L0xx_HAL_Driver/Inc/Legacy -I/home/kurt/STM32Cube/Repository/STM32Cube_FW_L0_V1.11.2/Drivers/CMSIS/Device/ST/STM32L0xx/Include -I/home/kurt/STM32Cube/Repository/STM32Cube_FW_L0_V1.11.2/Drivers/CMSIS/Include  -Og -g3 -Wall -fmessage-length=0 -ffunction-sections -c -fmessage-length=0 -MMD -MP -MF"Drivers/STM32L0xx_HAL_Driver/stm32l0xx_hal_tim_ex.d" -MT"Drivers/STM32L0xx_HAL_Driver/stm32l0xx_hal_tim_ex.o" -o "Drivers/STM32L0xx_HAL_Driver/stm32l0xx_hal_tim_ex.o" "/home/kurt/STM32Cube/Repository/STM32Cube_FW_L0_V1.11.2/Drivers/STM32L0xx_HAL_Driver/Src/stm32l0xx_hal_tim_ex.c"
Finished building: /home/kurt/STM32Cube/Repository/STM32Cube_FW_L0_V1.11.2/Drivers/STM32L0xx_HAL_Driver/Src/stm32l0xx_hal_tim_ex.c
 
Building file: /home/kurt/STM32Cube/Repository/STM32Cube_FW_L0_V1.11.2/Drivers/STM32L0xx_HAL_Driver/Src/stm32l0xx_hal_uart.c
Invoking: MCU GCC Compiler
/Daten1/Daten/funk/sat/Amsat-Boards/firmware/GPS_V2/GPS_V2/gpsFWv2b/Debug
arm-none-eabi-gcc -mcpu=cortex-m0plus -mthumb -mfloat-abi=soft '-D__weak=__attribute__((weak))' '-D__packed="__attribute__((__packed__))"' -DUSE_HAL_DRIVER -DSTM32L010x4 -I"/Daten1/Daten/funk/sat/Amsat-Boards/firmware/GPS_V2/GPS_V2/gpsFWv2b/Inc" -I/home/kurt/STM32Cube/Repository/STM32Cube_FW_L0_V1.11.2/Drivers/STM32L0xx_HAL_Driver/Inc -I/home/kurt/STM32Cube/Repository/STM32Cube_FW_L0_V1.11.2/Drivers/STM32L0xx_HAL_Driver/Inc/Legacy -I/home/kurt/STM32Cube/Repository/STM32Cube_FW_L0_V1.11.2/Drivers/CMSIS/Device/ST/STM32L0xx/Include -I/home/kurt/STM32Cube/Repository/STM32Cube_FW_L0_V1.11.2/Drivers/CMSIS/Include  -Og -g3 -Wall -fmessage-length=0 -ffunction-sections -c -fmessage-length=0 -MMD -MP -MF"Drivers/STM32L0xx_HAL_Driver/stm32l0xx_hal_uart.d" -MT"Drivers/STM32L0xx_HAL_Driver/stm32l0xx_hal_uart.o" -o "Drivers/STM32L0xx_HAL_Driver/stm32l0xx_hal_uart.o" "/home/kurt/STM32Cube/Repository/STM32Cube_FW_L0_V1.11.2/Drivers/STM32L0xx_HAL_Driver/Src/stm32l0xx_hal_uart.c"
Finished building: /home/kurt/STM32Cube/Repository/STM32Cube_FW_L0_V1.11.2/Drivers/STM32L0xx_HAL_Driver/Src/stm32l0xx_hal_uart.c
 
Building file: /home/kurt/STM32Cube/Repository/STM32Cube_FW_L0_V1.11.2/Drivers/STM32L0xx_HAL_Driver/Src/stm32l0xx_hal_uart_ex.c
Invoking: MCU GCC Compiler
/Daten1/Daten/funk/sat/Amsat-Boards/firmware/GPS_V2/GPS_V2/gpsFWv2b/Debug
arm-none-eabi-gcc -mcpu=cortex-m0plus -mthumb -mfloat-abi=soft '-D__weak=__attribute__((weak))' '-D__packed="__attribute__((__packed__))"' -DUSE_HAL_DRIVER -DSTM32L010x4 -I"/Daten1/Daten/funk/sat/Amsat-Boards/firmware/GPS_V2/GPS_V2/gpsFWv2b/Inc" -I/home/kurt/STM32Cube/Repository/STM32Cube_FW_L0_V1.11.2/Drivers/STM32L0xx_HAL_Driver/Inc -I/home/kurt/STM32Cube/Repository/STM32Cube_FW_L0_V1.11.2/Drivers/STM32L0xx_HAL_Driver/Inc/Legacy -I/home/kurt/STM32Cube/Repository/STM32Cube_FW_L0_V1.11.2/Drivers/CMSIS/Device/ST/STM32L0xx/Include -I/home/kurt/STM32Cube/Repository/STM32Cube_FW_L0_V1.11.2/Drivers/CMSIS/Include  -Og -g3 -Wall -fmessage-length=0 -ffunction-sections -c -fmessage-length=0 -MMD -MP -MF"Drivers/STM32L0xx_HAL_Driver/stm32l0xx_hal_uart_ex.d" -MT"Drivers/STM32L0xx_HAL_Driver/stm32l0xx_hal_uart_ex.o" -o "Drivers/STM32L0xx_HAL_Driver/stm32l0xx_hal_uart_ex.o" "/home/kurt/STM32Cube/Repository/STM32Cube_FW_L0_V1.11.2/Drivers/STM32L0xx_HAL_Driver/Src/stm32l0xx_hal_uart_ex.c"
Finished building: /home/kurt/STM32Cube/Repository/STM32Cube_FW_L0_V1.11.2/Drivers/STM32L0xx_HAL_Driver/Src/stm32l0xx_hal_uart_ex.c
 
Building target: gpsFWv2b.elf
Invoking: MCU GCC Linker
arm-none-eabi-gcc -mcpu=cortex-m0plus -mthumb -mfloat-abi=soft -specs=nosys.specs -specs=nano.specs -T"../STM32L010F4Px_FLASH.ld" -Wl,-Map=output.map -Wl,--gc-sections -o "gpsFWv2b.elf" @"objects.list"   -lm
Finished building target: gpsFWv2b.elf
 
make --no-print-directory post-build
Generating hex and Printing size information:
arm-none-eabi-objcopy -O ihex "gpsFWv2b.elf" "gpsFWv2b.hex"
arm-none-eabi-size "gpsFWv2b.elf"
   text	   data	    bss	    dec	    hex	filename
  14992	    160	   1728	  16880	   41f0	gpsFWv2b.elf
 
14:28:25 **** Clean-only build of configuration Debug for project gpsFWv2b ****
make clean 
make: *** Keine Regel, um „clean“ zu erstellen.  Schluss.
14:28:31 **** Build of configuration Debug for project gpsFWv2b ****
make all 
Building file: ../startup/startup_stm32l010x4.s
Invoking: MCU GCC Assembler
/Daten1/Daten/funk/sat/Amsat-Boards/firmware/GPS_V2/GPS_V2/gpsFWv2b/Debug
arm-none-eabi-as -mcpu=cortex-m0plus -mthumb -mfloat-abi=soft -g -o "startup/startup_stm32l010x4.o" "../startup/startup_stm32l010x4.s"
Finished building: ../startup/startup_stm32l010x4.s
 
Building file: ../Src/dma.c
Invoking: MCU GCC Compiler
/Daten1/Daten/funk/sat/Amsat-Boards/firmware/GPS_V2/GPS_V2/gpsFWv2b/Debug
arm-none-eabi-gcc -mcpu=cortex-m0plus -mthumb -mfloat-abi=soft '-D__weak=__attribute__((weak))' '-D__packed="__attribute__((__packed__))"' -DUSE_HAL_DRIVER -DSTM32L010x4 -I"/Daten1/Daten/funk/sat/Amsat-Boards/firmware/GPS_V2/GPS_V2/gpsFWv2b/Inc" -I/home/kurt/STM32Cube/Repository/STM32Cube_FW_L0_V1.11.2/Drivers/STM32L0xx_HAL_Driver/Inc -I/home/kurt/STM32Cube/Repository/STM32Cube_FW_L0_V1.11.2/Drivers/STM32L0xx_HAL_Driver/Inc/Legacy -I/home/kurt/STM32Cube/Repository/STM32Cube_FW_L0_V1.11.2/Drivers/CMSIS/Device/ST/STM32L0xx/Include -I/home/kurt/STM32Cube/Repository/STM32Cube_FW_L0_V1.11.2/Drivers/CMSIS/Include  -Og -g3 -Wall -fmessage-length=0 -ffunction-sections -c -fmessage-length=0 -MMD -MP -MF"Src/dma.d" -MT"Src/dma.o" -o "Src/dma.o" "../Src/dma.c"
Finished building: ../Src/dma.c
 
Building file: ../Src/gpio.c
Invoking: MCU GCC Compiler
/Daten1/Daten/funk/sat/Amsat-Boards/firmware/GPS_V2/GPS_V2/gpsFWv2b/Debug
arm-none-eabi-gcc -mcpu=cortex-m0plus -mthumb -mfloat-abi=soft '-D__weak=__attribute__((weak))' '-D__packed="__attribute__((__packed__))"' -DUSE_HAL_DRIVER -DSTM32L010x4 -I"/Daten1/Daten/funk/sat/Amsat-Boards/firmware/GPS_V2/GPS_V2/gpsFWv2b/Inc" -I/home/kurt/STM32Cube/Repository/STM32Cube_FW_L0_V1.11.2/Drivers/STM32L0xx_HAL_Driver/Inc -I/home/kurt/STM32Cube/Repository/STM32Cube_FW_L0_V1.11.2/Drivers/STM32L0xx_HAL_Driver/Inc/Legacy -I/home/kurt/STM32Cube/Repository/STM32Cube_FW_L0_V1.11.2/Drivers/CMSIS/Device/ST/STM32L0xx/Include -I/home/kurt/STM32Cube/Repository/STM32Cube_FW_L0_V1.11.2/Drivers/CMSIS/Include  -Og -g3 -Wall -fmessage-length=0 -ffunction-sections -c -fmessage-length=0 -MMD -MP -MF"Src/gpio.d" -MT"Src/gpio.o" -o "Src/gpio.o" "../Src/gpio.c"
Finished building: ../Src/gpio.c
 
Building file: ../Src/i2c.c
Invoking: MCU GCC Compiler
/Daten1/Daten/funk/sat/Amsat-Boards/firmware/GPS_V2/GPS_V2/gpsFWv2b/Debug
arm-none-eabi-gcc -mcpu=cortex-m0plus -mthumb -mfloat-abi=soft '-D__weak=__attribute__((weak))' '-D__packed="__attribute__((__packed__))"' -DUSE_HAL_DRIVER -DSTM32L010x4 -I"/Daten1/Daten/funk/sat/Amsat-Boards/firmware/GPS_V2/GPS_V2/gpsFWv2b/Inc" -I/home/kurt/STM32Cube/Repository/STM32Cube_FW_L0_V1.11.2/Drivers/STM32L0xx_HAL_Driver/Inc -I/home/kurt/STM32Cube/Repository/STM32Cube_FW_L0_V1.11.2/Drivers/STM32L0xx_HAL_Driver/Inc/Legacy -I/home/kurt/STM32Cube/Repository/STM32Cube_FW_L0_V1.11.2/Drivers/CMSIS/Device/ST/STM32L0xx/Include -I/home/kurt/STM32Cube/Repository/STM32Cube_FW_L0_V1.11.2/Drivers/CMSIS/Include  -Og -g3 -Wall -fmessage-length=0 -ffunction-sections -c -fmessage-length=0 -MMD -MP -MF"Src/i2c.d" -MT"Src/i2c.o" -o "Src/i2c.o" "../Src/i2c.c"
Finished building: ../Src/i2c.c
 
Building file: ../Src/main.c
Invoking: MCU GCC Compiler
/Daten1/Daten/funk/sat/Amsat-Boards/firmware/GPS_V2/GPS_V2/gpsFWv2b/Debug
arm-none-eabi-gcc -mcpu=cortex-m0plus -mthumb -mfloat-abi=soft '-D__weak=__attribute__((weak))' '-D__packed="__attribute__((__packed__))"' -DUSE_HAL_DRIVER -DSTM32L010x4 -I"/Daten1/Daten/funk/sat/Amsat-Boards/firmware/GPS_V2/GPS_V2/gpsFWv2b/Inc" -I/home/kurt/STM32Cube/Repository/STM32Cube_FW_L0_V1.11.2/Drivers/STM32L0xx_HAL_Driver/Inc -I/home/kurt/STM32Cube/Repository/STM32Cube_FW_L0_V1.11.2/Drivers/STM32L0xx_HAL_Driver/Inc/Legacy -I/home/kurt/STM32Cube/Repository/STM32Cube_FW_L0_V1.11.2/Drivers/CMSIS/Device/ST/STM32L0xx/Include -I/home/kurt/STM32Cube/Repository/STM32Cube_FW_L0_V1.11.2/Drivers/CMSIS/Include  -Og -g3 -Wall -fmessage-length=0 -ffunction-sections -c -fmessage-length=0 -MMD -MP -MF"Src/main.d" -MT"Src/main.o" -o "Src/main.o" "../Src/main.c"
Finished building: ../Src/main.c
 
Building file: ../Src/stm32l0xx_hal_msp.c
Invoking: MCU GCC Compiler
/Daten1/Daten/funk/sat/Amsat-Boards/firmware/GPS_V2/GPS_V2/gpsFWv2b/Debug
arm-none-eabi-gcc -mcpu=cortex-m0plus -mthumb -mfloat-abi=soft '-D__weak=__attribute__((weak))' '-D__packed="__attribute__((__packed__))"' -DUSE_HAL_DRIVER -DSTM32L010x4 -I"/Daten1/Daten/funk/sat/Amsat-Boards/firmware/GPS_V2/GPS_V2/gpsFWv2b/Inc" -I/home/kurt/STM32Cube/Repository/STM32Cube_FW_L0_V1.11.2/Drivers/STM32L0xx_HAL_Driver/Inc -I/home/kurt/STM32Cube/Repository/STM32Cube_FW_L0_V1.11.2/Drivers/STM32L0xx_HAL_Driver/Inc/Legacy -I/home/kurt/STM32Cube/Repository/STM32Cube_FW_L0_V1.11.2/Drivers/CMSIS/Device/ST/STM32L0xx/Include -I/home/kurt/STM32Cube/Repository/STM32Cube_FW_L0_V1.11.2/Drivers/CMSIS/Include  -Og -g3 -Wall -fmessage-length=0 -ffunction-sections -c -fmessage-length=0 -MMD -MP -MF"Src/stm32l0xx_hal_msp.d" -MT"Src/stm32l0xx_hal_msp.o" -o "Src/stm32l0xx_hal_msp.o" "../Src/stm32l0xx_hal_msp.c"
Finished building: ../Src/stm32l0xx_hal_msp.c
 
Building file: ../Src/stm32l0xx_it.c
Invoking: MCU GCC Compiler
/Daten1/Daten/funk/sat/Amsat-Boards/firmware/GPS_V2/GPS_V2/gpsFWv2b/Debug
arm-none-eabi-gcc -mcpu=cortex-m0plus -mthumb -mfloat-abi=soft '-D__weak=__attribute__((weak))' '-D__packed="__attribute__((__packed__))"' -DUSE_HAL_DRIVER -DSTM32L010x4 -I"/Daten1/Daten/funk/sat/Amsat-Boards/firmware/GPS_V2/GPS_V2/gpsFWv2b/Inc" -I/home/kurt/STM32Cube/Repository/STM32Cube_FW_L0_V1.11.2/Drivers/STM32L0xx_HAL_Driver/Inc -I/home/kurt/STM32Cube/Repository/STM32Cube_FW_L0_V1.11.2/Drivers/STM32L0xx_HAL_Driver/Inc/Legacy -I/home/kurt/STM32Cube/Repository/STM32Cube_FW_L0_V1.11.2/Drivers/CMSIS/Device/ST/STM32L0xx/Include -I/home/kurt/STM32Cube/Repository/STM32Cube_FW_L0_V1.11.2/Drivers/CMSIS/Include  -Og -g3 -Wall -fmessage-length=0 -ffunction-sections -c -fmessage-length=0 -MMD -MP -MF"Src/stm32l0xx_it.d" -MT"Src/stm32l0xx_it.o" -o "Src/stm32l0xx_it.o" "../Src/stm32l0xx_it.c"
Finished building: ../Src/stm32l0xx_it.c
 
Building file: ../Src/sys.c
Invoking: MCU GCC Compiler
/Daten1/Daten/funk/sat/Amsat-Boards/firmware/GPS_V2/GPS_V2/gpsFWv2b/Debug
arm-none-eabi-gcc -mcpu=cortex-m0plus -mthumb -mfloat-abi=soft '-D__weak=__attribute__((weak))' '-D__packed="__attribute__((__packed__))"' -DUSE_HAL_DRIVER -DSTM32L010x4 -I"/Daten1/Daten/funk/sat/Amsat-Boards/firmware/GPS_V2/GPS_V2/gpsFWv2b/Inc" -I/home/kurt/STM32Cube/Repository/STM32Cube_FW_L0_V1.11.2/Drivers/STM32L0xx_HAL_Driver/Inc -I/home/kurt/STM32Cube/Repository/STM32Cube_FW_L0_V1.11.2/Drivers/STM32L0xx_HAL_Driver/Inc/Legacy -I/home/kurt/STM32Cube/Repository/STM32Cube_FW_L0_V1.11.2/Drivers/CMSIS/Device/ST/STM32L0xx/Include -I/home/kurt/STM32Cube/Repository/STM32Cube_FW_L0_V1.11.2/Drivers/CMSIS/Include  -Og -g3 -Wall -fmessage-length=0 -ffunction-sections -c -fmessage-length=0 -MMD -MP -MF"Src/sys.d" -MT"Src/sys.o" -o "Src/sys.o" "../Src/sys.c"
Finished building: ../Src/sys.c
 
Building file: ../Src/syscalls.c
Invoking: MCU GCC Compiler
/Daten1/Daten/funk/sat/Amsat-Boards/firmware/GPS_V2/GPS_V2/gpsFWv2b/Debug
arm-none-eabi-gcc -mcpu=cortex-m0plus -mthumb -mfloat-abi=soft '-D__weak=__attribute__((weak))' '-D__packed="__attribute__((__packed__))"' -DUSE_HAL_DRIVER -DSTM32L010x4 -I"/Daten1/Daten/funk/sat/Amsat-Boards/firmware/GPS_V2/GPS_V2/gpsFWv2b/Inc" -I/home/kurt/STM32Cube/Repository/STM32Cube_FW_L0_V1.11.2/Drivers/STM32L0xx_HAL_Driver/Inc -I/home/kurt/STM32Cube/Repository/STM32Cube_FW_L0_V1.11.2/Drivers/STM32L0xx_HAL_Driver/Inc/Legacy -I/home/kurt/STM32Cube/Repository/STM32Cube_FW_L0_V1.11.2/Drivers/CMSIS/Device/ST/STM32L0xx/Include -I/home/kurt/STM32Cube/Repository/STM32Cube_FW_L0_V1.11.2/Drivers/CMSIS/Include  -Og -g3 -Wall -fmessage-length=0 -ffunction-sections -c -fmessage-length=0 -MMD -MP -MF"Src/syscalls.d" -MT"Src/syscalls.o" -o "Src/syscalls.o" "../Src/syscalls.c"
Finished building: ../Src/syscalls.c
 
Building file: ../Src/system_stm32l0xx.c
Invoking: MCU GCC Compiler
/Daten1/Daten/funk/sat/Amsat-Boards/firmware/GPS_V2/GPS_V2/gpsFWv2b/Debug
arm-none-eabi-gcc -mcpu=cortex-m0plus -mthumb -mfloat-abi=soft '-D__weak=__attribute__((weak))' '-D__packed="__attribute__((__packed__))"' -DUSE_HAL_DRIVER -DSTM32L010x4 -I"/Daten1/Daten/funk/sat/Amsat-Boards/firmware/GPS_V2/GPS_V2/gpsFWv2b/Inc" -I/home/kurt/STM32Cube/Repository/STM32Cube_FW_L0_V1.11.2/Drivers/STM32L0xx_HAL_Driver/Inc -I/home/kurt/STM32Cube/Repository/STM32Cube_FW_L0_V1.11.2/Drivers/STM32L0xx_HAL_Driver/Inc/Legacy -I/home/kurt/STM32Cube/Repository/STM32Cube_FW_L0_V1.11.2/Drivers/CMSIS/Device/ST/STM32L0xx/Include -I/home/kurt/STM32Cube/Repository/STM32Cube_FW_L0_V1.11.2/Drivers/CMSIS/Include  -Og -g3 -Wall -fmessage-length=0 -ffunction-sections -c -fmessage-length=0 -MMD -MP -MF"Src/system_stm32l0xx.d" -MT"Src/system_stm32l0xx.o" -o "Src/system_stm32l0xx.o" "../Src/system_stm32l0xx.c"
Finished building: ../Src/system_stm32l0xx.c
 
Building file: ../Src/tim.c
Invoking: MCU GCC Compiler
/Daten1/Daten/funk/sat/Amsat-Boards/firmware/GPS_V2/GPS_V2/gpsFWv2b/Debug
arm-none-eabi-gcc -mcpu=cortex-m0plus -mthumb -mfloat-abi=soft '-D__weak=__attribute__((weak))' '-D__packed="__attribute__((__packed__))"' -DUSE_HAL_DRIVER -DSTM32L010x4 -I"/Daten1/Daten/funk/sat/Amsat-Boards/firmware/GPS_V2/GPS_V2/gpsFWv2b/Inc" -I/home/kurt/STM32Cube/Repository/STM32Cube_FW_L0_V1.11.2/Drivers/STM32L0xx_HAL_Driver/Inc -I/home/kurt/STM32Cube/Repository/STM32Cube_FW_L0_V1.11.2/Drivers/STM32L0xx_HAL_Driver/Inc/Legacy -I/home/kurt/STM32Cube/Repository/STM32Cube_FW_L0_V1.11.2/Drivers/CMSIS/Device/ST/STM32L0xx/Include -I/home/kurt/STM32Cube/Repository/STM32Cube_FW_L0_V1.11.2/Drivers/CMSIS/Include  -Og -g3 -Wall -fmessage-length=0 -ffunction-sections -c -fmessage-length=0 -MMD -MP -MF"Src/tim.d" -MT"Src/tim.o" -o "Src/tim.o" "../Src/tim.c"
Finished building: ../Src/tim.c
 
Building file: ../Src/usart.c
Invoking: MCU GCC Compiler
/Daten1/Daten/funk/sat/Amsat-Boards/firmware/GPS_V2/GPS_V2/gpsFWv2b/Debug
arm-none-eabi-gcc -mcpu=cortex-m0plus -mthumb -mfloat-abi=soft '-D__weak=__attribute__((weak))' '-D__packed="__attribute__((__packed__))"' -DUSE_HAL_DRIVER -DSTM32L010x4 -I"/Daten1/Daten/funk/sat/Amsat-Boards/firmware/GPS_V2/GPS_V2/gpsFWv2b/Inc" -I/home/kurt/STM32Cube/Repository/STM32Cube_FW_L0_V1.11.2/Drivers/STM32L0xx_HAL_Driver/Inc -I/home/kurt/STM32Cube/Repository/STM32Cube_FW_L0_V1.11.2/Drivers/STM32L0xx_HAL_Driver/Inc/Legacy -I/home/kurt/STM32Cube/Repository/STM32Cube_FW_L0_V1.11.2/Drivers/CMSIS/Device/ST/STM32L0xx/Include -I/home/kurt/STM32Cube/Repository/STM32Cube_FW_L0_V1.11.2/Drivers/CMSIS/Include  -Og -g3 -Wall -fmessage-length=0 -ffunction-sections -c -fmessage-length=0 -MMD -MP -MF"Src/usart.d" -MT"Src/usart.o" -o "Src/usart.o" "../Src/usart.c"
Finished building: ../Src/usart.c
 
Building file: /home/kurt/STM32Cube/Repository/STM32Cube_FW_L0_V1.11.2/Drivers/STM32L0xx_HAL_Driver/Src/stm32l0xx_hal.c
Invoking: MCU GCC Compiler
/Daten1/Daten/funk/sat/Amsat-Boards/firmware/GPS_V2/GPS_V2/gpsFWv2b/Debug
arm-none-eabi-gcc -mcpu=cortex-m0plus -mthumb -mfloat-abi=soft '-D__weak=__attribute__((weak))' '-D__packed="__attribute__((__packed__))"' -DUSE_HAL_DRIVER -DSTM32L010x4 -I"/Daten1/Daten/funk/sat/Amsat-Boards/firmware/GPS_V2/GPS_V2/gpsFWv2b/Inc" -I/home/kurt/STM32Cube/Repository/STM32Cube_FW_L0_V1.11.2/Drivers/STM32L0xx_HAL_Driver/Inc -I/home/kurt/STM32Cube/Repository/STM32Cube_FW_L0_V1.11.2/Drivers/STM32L0xx_HAL_Driver/Inc/Legacy -I/home/kurt/STM32Cube/Repository/STM32Cube_FW_L0_V1.11.2/Drivers/CMSIS/Device/ST/STM32L0xx/Include -I/home/kurt/STM32Cube/Repository/STM32Cube_FW_L0_V1.11.2/Drivers/CMSIS/Include  -Og -g3 -Wall -fmessage-length=0 -ffunction-sections -c -fmessage-length=0 -MMD -MP -MF"Drivers/STM32L0xx_HAL_Driver/stm32l0xx_hal.d" -MT"Drivers/STM32L0xx_HAL_Driver/stm32l0xx_hal.o" -o "Drivers/STM32L0xx_HAL_Driver/stm32l0xx_hal.o" "/home/kurt/STM32Cube/Repository/STM32Cube_FW_L0_V1.11.2/Drivers/STM32L0xx_HAL_Driver/Src/stm32l0xx_hal.c"
Finished building: /home/kurt/STM32Cube/Repository/STM32Cube_FW_L0_V1.11.2/Drivers/STM32L0xx_HAL_Driver/Src/stm32l0xx_hal.c
 
Building file: /home/kurt/STM32Cube/Repository/STM32Cube_FW_L0_V1.11.2/Drivers/STM32L0xx_HAL_Driver/Src/stm32l0xx_hal_cortex.c
Invoking: MCU GCC Compiler
/Daten1/Daten/funk/sat/Amsat-Boards/firmware/GPS_V2/GPS_V2/gpsFWv2b/Debug
arm-none-eabi-gcc -mcpu=cortex-m0plus -mthumb -mfloat-abi=soft '-D__weak=__attribute__((weak))' '-D__packed="__attribute__((__packed__))"' -DUSE_HAL_DRIVER -DSTM32L010x4 -I"/Daten1/Daten/funk/sat/Amsat-Boards/firmware/GPS_V2/GPS_V2/gpsFWv2b/Inc" -I/home/kurt/STM32Cube/Repository/STM32Cube_FW_L0_V1.11.2/Drivers/STM32L0xx_HAL_Driver/Inc -I/home/kurt/STM32Cube/Repository/STM32Cube_FW_L0_V1.11.2/Drivers/STM32L0xx_HAL_Driver/Inc/Legacy -I/home/kurt/STM32Cube/Repository/STM32Cube_FW_L0_V1.11.2/Drivers/CMSIS/Device/ST/STM32L0xx/Include -I/home/kurt/STM32Cube/Repository/STM32Cube_FW_L0_V1.11.2/Drivers/CMSIS/Include  -Og -g3 -Wall -fmessage-length=0 -ffunction-sections -c -fmessage-length=0 -MMD -MP -MF"Drivers/STM32L0xx_HAL_Driver/stm32l0xx_hal_cortex.d" -MT"Drivers/STM32L0xx_HAL_Driver/stm32l0xx_hal_cortex.o" -o "Drivers/STM32L0xx_HAL_Driver/stm32l0xx_hal_cortex.o" "/home/kurt/STM32Cube/Repository/STM32Cube_FW_L0_V1.11.2/Drivers/STM32L0xx_HAL_Driver/Src/stm32l0xx_hal_cortex.c"
Finished building: /home/kurt/STM32Cube/Repository/STM32Cube_FW_L0_V1.11.2/Drivers/STM32L0xx_HAL_Driver/Src/stm32l0xx_hal_cortex.c
 
Building file: /home/kurt/STM32Cube/Repository/STM32Cube_FW_L0_V1.11.2/Drivers/STM32L0xx_HAL_Driver/Src/stm32l0xx_hal_dma.c
Invoking: MCU GCC Compiler
/Daten1/Daten/funk/sat/Amsat-Boards/firmware/GPS_V2/GPS_V2/gpsFWv2b/Debug
arm-none-eabi-gcc -mcpu=cortex-m0plus -mthumb -mfloat-abi=soft '-D__weak=__attribute__((weak))' '-D__packed="__attribute__((__packed__))"' -DUSE_HAL_DRIVER -DSTM32L010x4 -I"/Daten1/Daten/funk/sat/Amsat-Boards/firmware/GPS_V2/GPS_V2/gpsFWv2b/Inc" -I/home/kurt/STM32Cube/Repository/STM32Cube_FW_L0_V1.11.2/Drivers/STM32L0xx_HAL_Driver/Inc -I/home/kurt/STM32Cube/Repository/STM32Cube_FW_L0_V1.11.2/Drivers/STM32L0xx_HAL_Driver/Inc/Legacy -I/home/kurt/STM32Cube/Repository/STM32Cube_FW_L0_V1.11.2/Drivers/CMSIS/Device/ST/STM32L0xx/Include -I/home/kurt/STM32Cube/Repository/STM32Cube_FW_L0_V1.11.2/Drivers/CMSIS/Include  -Og -g3 -Wall -fmessage-length=0 -ffunction-sections -c -fmessage-length=0 -MMD -MP -MF"Drivers/STM32L0xx_HAL_Driver/stm32l0xx_hal_dma.d" -MT"Drivers/STM32L0xx_HAL_Driver/stm32l0xx_hal_dma.o" -o "Drivers/STM32L0xx_HAL_Driver/stm32l0xx_hal_dma.o" "/home/kurt/STM32Cube/Repository/STM32Cube_FW_L0_V1.11.2/Drivers/STM32L0xx_HAL_Driver/Src/stm32l0xx_hal_dma.c"
Finished building: /home/kurt/STM32Cube/Repository/STM32Cube_FW_L0_V1.11.2/Drivers/STM32L0xx_HAL_Driver/Src/stm32l0xx_hal_dma.c
 
Building file: /home/kurt/STM32Cube/Repository/STM32Cube_FW_L0_V1.11.2/Drivers/STM32L0xx_HAL_Driver/Src/stm32l0xx_hal_flash.c
Invoking: MCU GCC Compiler
/Daten1/Daten/funk/sat/Amsat-Boards/firmware/GPS_V2/GPS_V2/gpsFWv2b/Debug
arm-none-eabi-gcc -mcpu=cortex-m0plus -mthumb -mfloat-abi=soft '-D__weak=__attribute__((weak))' '-D__packed="__attribute__((__packed__))"' -DUSE_HAL_DRIVER -DSTM32L010x4 -I"/Daten1/Daten/funk/sat/Amsat-Boards/firmware/GPS_V2/GPS_V2/gpsFWv2b/Inc" -I/home/kurt/STM32Cube/Repository/STM32Cube_FW_L0_V1.11.2/Drivers/STM32L0xx_HAL_Driver/Inc -I/home/kurt/STM32Cube/Repository/STM32Cube_FW_L0_V1.11.2/Drivers/STM32L0xx_HAL_Driver/Inc/Legacy -I/home/kurt/STM32Cube/Repository/STM32Cube_FW_L0_V1.11.2/Drivers/CMSIS/Device/ST/STM32L0xx/Include -I/home/kurt/STM32Cube/Repository/STM32Cube_FW_L0_V1.11.2/Drivers/CMSIS/Include  -Og -g3 -Wall -fmessage-length=0 -ffunction-sections -c -fmessage-length=0 -MMD -MP -MF"Drivers/STM32L0xx_HAL_Driver/stm32l0xx_hal_flash.d" -MT"Drivers/STM32L0xx_HAL_Driver/stm32l0xx_hal_flash.o" -o "Drivers/STM32L0xx_HAL_Driver/stm32l0xx_hal_flash.o" "/home/kurt/STM32Cube/Repository/STM32Cube_FW_L0_V1.11.2/Drivers/STM32L0xx_HAL_Driver/Src/stm32l0xx_hal_flash.c"
Finished building: /home/kurt/STM32Cube/Repository/STM32Cube_FW_L0_V1.11.2/Drivers/STM32L0xx_HAL_Driver/Src/stm32l0xx_hal_flash.c
 
Building file: /home/kurt/STM32Cube/Repository/STM32Cube_FW_L0_V1.11.2/Drivers/STM32L0xx_HAL_Driver/Src/stm32l0xx_hal_flash_ex.c
Invoking: MCU GCC Compiler
/Daten1/Daten/funk/sat/Amsat-Boards/firmware/GPS_V2/GPS_V2/gpsFWv2b/Debug
arm-none-eabi-gcc -mcpu=cortex-m0plus -mthumb -mfloat-abi=soft '-D__weak=__attribute__((weak))' '-D__packed="__attribute__((__packed__))"' -DUSE_HAL_DRIVER -DSTM32L010x4 -I"/Daten1/Daten/funk/sat/Amsat-Boards/firmware/GPS_V2/GPS_V2/gpsFWv2b/Inc" -I/home/kurt/STM32Cube/Repository/STM32Cube_FW_L0_V1.11.2/Drivers/STM32L0xx_HAL_Driver/Inc -I/home/kurt/STM32Cube/Repository/STM32Cube_FW_L0_V1.11.2/Drivers/STM32L0xx_HAL_Driver/Inc/Legacy -I/home/kurt/STM32Cube/Repository/STM32Cube_FW_L0_V1.11.2/Drivers/CMSIS/Device/ST/STM32L0xx/Include -I/home/kurt/STM32Cube/Repository/STM32Cube_FW_L0_V1.11.2/Drivers/CMSIS/Include  -Og -g3 -Wall -fmessage-length=0 -ffunction-sections -c -fmessage-length=0 -MMD -MP -MF"Drivers/STM32L0xx_HAL_Driver/stm32l0xx_hal_flash_ex.d" -MT"Drivers/STM32L0xx_HAL_Driver/stm32l0xx_hal_flash_ex.o" -o "Drivers/STM32L0xx_HAL_Driver/stm32l0xx_hal_flash_ex.o" "/home/kurt/STM32Cube/Repository/STM32Cube_FW_L0_V1.11.2/Drivers/STM32L0xx_HAL_Driver/Src/stm32l0xx_hal_flash_ex.c"
Finished building: /home/kurt/STM32Cube/Repository/STM32Cube_FW_L0_V1.11.2/Drivers/STM32L0xx_HAL_Driver/Src/stm32l0xx_hal_flash_ex.c
 
Building file: /home/kurt/STM32Cube/Repository/STM32Cube_FW_L0_V1.11.2/Drivers/STM32L0xx_HAL_Driver/Src/stm32l0xx_hal_flash_ramfunc.c
Invoking: MCU GCC Compiler
/Daten1/Daten/funk/sat/Amsat-Boards/firmware/GPS_V2/GPS_V2/gpsFWv2b/Debug
arm-none-eabi-gcc -mcpu=cortex-m0plus -mthumb -mfloat-abi=soft '-D__weak=__attribute__((weak))' '-D__packed="__attribute__((__packed__))"' -DUSE_HAL_DRIVER -DSTM32L010x4 -I"/Daten1/Daten/funk/sat/Amsat-Boards/firmware/GPS_V2/GPS_V2/gpsFWv2b/Inc" -I/home/kurt/STM32Cube/Repository/STM32Cube_FW_L0_V1.11.2/Drivers/STM32L0xx_HAL_Driver/Inc -I/home/kurt/STM32Cube/Repository/STM32Cube_FW_L0_V1.11.2/Drivers/STM32L0xx_HAL_Driver/Inc/Legacy -I/home/kurt/STM32Cube/Repository/STM32Cube_FW_L0_V1.11.2/Drivers/CMSIS/Device/ST/STM32L0xx/Include -I/home/kurt/STM32Cube/Repository/STM32Cube_FW_L0_V1.11.2/Drivers/CMSIS/Include  -Og -g3 -Wall -fmessage-length=0 -ffunction-sections -c -fmessage-length=0 -MMD -MP -MF"Drivers/STM32L0xx_HAL_Driver/stm32l0xx_hal_flash_ramfunc.d" -MT"Drivers/STM32L0xx_HAL_Driver/stm32l0xx_hal_flash_ramfunc.o" -o "Drivers/STM32L0xx_HAL_Driver/stm32l0xx_hal_flash_ramfunc.o" "/home/kurt/STM32Cube/Repository/STM32Cube_FW_L0_V1.11.2/Drivers/STM32L0xx_HAL_Driver/Src/stm32l0xx_hal_flash_ramfunc.c"
Finished building: /home/kurt/STM32Cube/Repository/STM32Cube_FW_L0_V1.11.2/Drivers/STM32L0xx_HAL_Driver/Src/stm32l0xx_hal_flash_ramfunc.c
 
Building file: /home/kurt/STM32Cube/Repository/STM32Cube_FW_L0_V1.11.2/Drivers/STM32L0xx_HAL_Driver/Src/stm32l0xx_hal_gpio.c
Invoking: MCU GCC Compiler
/Daten1/Daten/funk/sat/Amsat-Boards/firmware/GPS_V2/GPS_V2/gpsFWv2b/Debug
arm-none-eabi-gcc -mcpu=cortex-m0plus -mthumb -mfloat-abi=soft '-D__weak=__attribute__((weak))' '-D__packed="__attribute__((__packed__))"' -DUSE_HAL_DRIVER -DSTM32L010x4 -I"/Daten1/Daten/funk/sat/Amsat-Boards/firmware/GPS_V2/GPS_V2/gpsFWv2b/Inc" -I/home/kurt/STM32Cube/Repository/STM32Cube_FW_L0_V1.11.2/Drivers/STM32L0xx_HAL_Driver/Inc -I/home/kurt/STM32Cube/Repository/STM32Cube_FW_L0_V1.11.2/Drivers/STM32L0xx_HAL_Driver/Inc/Legacy -I/home/kurt/STM32Cube/Repository/STM32Cube_FW_L0_V1.11.2/Drivers/CMSIS/Device/ST/STM32L0xx/Include -I/home/kurt/STM32Cube/Repository/STM32Cube_FW_L0_V1.11.2/Drivers/CMSIS/Include  -Og -g3 -Wall -fmessage-length=0 -ffunction-sections -c -fmessage-length=0 -MMD -MP -MF"Drivers/STM32L0xx_HAL_Driver/stm32l0xx_hal_gpio.d" -MT"Drivers/STM32L0xx_HAL_Driver/stm32l0xx_hal_gpio.o" -o "Drivers/STM32L0xx_HAL_Driver/stm32l0xx_hal_gpio.o" "/home/kurt/STM32Cube/Repository/STM32Cube_FW_L0_V1.11.2/Drivers/STM32L0xx_HAL_Driver/Src/stm32l0xx_hal_gpio.c"
Finished building: /home/kurt/STM32Cube/Repository/STM32Cube_FW_L0_V1.11.2/Drivers/STM32L0xx_HAL_Driver/Src/stm32l0xx_hal_gpio.c
 
Building file: /home/kurt/STM32Cube/Repository/STM32Cube_FW_L0_V1.11.2/Drivers/STM32L0xx_HAL_Driver/Src/stm32l0xx_hal_i2c.c
Invoking: MCU GCC Compiler
/Daten1/Daten/funk/sat/Amsat-Boards/firmware/GPS_V2/GPS_V2/gpsFWv2b/Debug
arm-none-eabi-gcc -mcpu=cortex-m0plus -mthumb -mfloat-abi=soft '-D__weak=__attribute__((weak))' '-D__packed="__attribute__((__packed__))"' -DUSE_HAL_DRIVER -DSTM32L010x4 -I"/Daten1/Daten/funk/sat/Amsat-Boards/firmware/GPS_V2/GPS_V2/gpsFWv2b/Inc" -I/home/kurt/STM32Cube/Repository/STM32Cube_FW_L0_V1.11.2/Drivers/STM32L0xx_HAL_Driver/Inc -I/home/kurt/STM32Cube/Repository/STM32Cube_FW_L0_V1.11.2/Drivers/STM32L0xx_HAL_Driver/Inc/Legacy -I/home/kurt/STM32Cube/Repository/STM32Cube_FW_L0_V1.11.2/Drivers/CMSIS/Device/ST/STM32L0xx/Include -I/home/kurt/STM32Cube/Repository/STM32Cube_FW_L0_V1.11.2/Drivers/CMSIS/Include  -Og -g3 -Wall -fmessage-length=0 -ffunction-sections -c -fmessage-length=0 -MMD -MP -MF"Drivers/STM32L0xx_HAL_Driver/stm32l0xx_hal_i2c.d" -MT"Drivers/STM32L0xx_HAL_Driver/stm32l0xx_hal_i2c.o" -o "Drivers/STM32L0xx_HAL_Driver/stm32l0xx_hal_i2c.o" "/home/kurt/STM32Cube/Repository/STM32Cube_FW_L0_V1.11.2/Drivers/STM32L0xx_HAL_Driver/Src/stm32l0xx_hal_i2c.c"
Finished building: /home/kurt/STM32Cube/Repository/STM32Cube_FW_L0_V1.11.2/Drivers/STM32L0xx_HAL_Driver/Src/stm32l0xx_hal_i2c.c
 
Building file: /home/kurt/STM32Cube/Repository/STM32Cube_FW_L0_V1.11.2/Drivers/STM32L0xx_HAL_Driver/Src/stm32l0xx_hal_i2c_ex.c
Invoking: MCU GCC Compiler
/Daten1/Daten/funk/sat/Amsat-Boards/firmware/GPS_V2/GPS_V2/gpsFWv2b/Debug
arm-none-eabi-gcc -mcpu=cortex-m0plus -mthumb -mfloat-abi=soft '-D__weak=__attribute__((weak))' '-D__packed="__attribute__((__packed__))"' -DUSE_HAL_DRIVER -DSTM32L010x4 -I"/Daten1/Daten/funk/sat/Amsat-Boards/firmware/GPS_V2/GPS_V2/gpsFWv2b/Inc" -I/home/kurt/STM32Cube/Repository/STM32Cube_FW_L0_V1.11.2/Drivers/STM32L0xx_HAL_Driver/Inc -I/home/kurt/STM32Cube/Repository/STM32Cube_FW_L0_V1.11.2/Drivers/STM32L0xx_HAL_Driver/Inc/Legacy -I/home/kurt/STM32Cube/Repository/STM32Cube_FW_L0_V1.11.2/Drivers/CMSIS/Device/ST/STM32L0xx/Include -I/home/kurt/STM32Cube/Repository/STM32Cube_FW_L0_V1.11.2/Drivers/CMSIS/Include  -Og -g3 -Wall -fmessage-length=0 -ffunction-sections -c -fmessage-length=0 -MMD -MP -MF"Drivers/STM32L0xx_HAL_Driver/stm32l0xx_hal_i2c_ex.d" -MT"Drivers/STM32L0xx_HAL_Driver/stm32l0xx_hal_i2c_ex.o" -o "Drivers/STM32L0xx_HAL_Driver/stm32l0xx_hal_i2c_ex.o" "/home/kurt/STM32Cube/Repository/STM32Cube_FW_L0_V1.11.2/Drivers/STM32L0xx_HAL_Driver/Src/stm32l0xx_hal_i2c_ex.c"
Finished building: /home/kurt/STM32Cube/Repository/STM32Cube_FW_L0_V1.11.2/Drivers/STM32L0xx_HAL_Driver/Src/stm32l0xx_hal_i2c_ex.c
 
Building file: /home/kurt/STM32Cube/Repository/STM32Cube_FW_L0_V1.11.2/Drivers/STM32L0xx_HAL_Driver/Src/stm32l0xx_hal_pwr.c
Invoking: MCU GCC Compiler
/Daten1/Daten/funk/sat/Amsat-Boards/firmware/GPS_V2/GPS_V2/gpsFWv2b/Debug
arm-none-eabi-gcc -mcpu=cortex-m0plus -mthumb -mfloat-abi=soft '-D__weak=__attribute__((weak))' '-D__packed="__attribute__((__packed__))"' -DUSE_HAL_DRIVER -DSTM32L010x4 -I"/Daten1/Daten/funk/sat/Amsat-Boards/firmware/GPS_V2/GPS_V2/gpsFWv2b/Inc" -I/home/kurt/STM32Cube/Repository/STM32Cube_FW_L0_V1.11.2/Drivers/STM32L0xx_HAL_Driver/Inc -I/home/kurt/STM32Cube/Repository/STM32Cube_FW_L0_V1.11.2/Drivers/STM32L0xx_HAL_Driver/Inc/Legacy -I/home/kurt/STM32Cube/Repository/STM32Cube_FW_L0_V1.11.2/Drivers/CMSIS/Device/ST/STM32L0xx/Include -I/home/kurt/STM32Cube/Repository/STM32Cube_FW_L0_V1.11.2/Drivers/CMSIS/Include  -Og -g3 -Wall -fmessage-length=0 -ffunction-sections -c -fmessage-length=0 -MMD -MP -MF"Drivers/STM32L0xx_HAL_Driver/stm32l0xx_hal_pwr.d" -MT"Drivers/STM32L0xx_HAL_Driver/stm32l0xx_hal_pwr.o" -o "Drivers/STM32L0xx_HAL_Driver/stm32l0xx_hal_pwr.o" "/home/kurt/STM32Cube/Repository/STM32Cube_FW_L0_V1.11.2/Drivers/STM32L0xx_HAL_Driver/Src/stm32l0xx_hal_pwr.c"
Finished building: /home/kurt/STM32Cube/Repository/STM32Cube_FW_L0_V1.11.2/Drivers/STM32L0xx_HAL_Driver/Src/stm32l0xx_hal_pwr.c
 
Building file: /home/kurt/STM32Cube/Repository/STM32Cube_FW_L0_V1.11.2/Drivers/STM32L0xx_HAL_Driver/Src/stm32l0xx_hal_pwr_ex.c
Invoking: MCU GCC Compiler
/Daten1/Daten/funk/sat/Amsat-Boards/firmware/GPS_V2/GPS_V2/gpsFWv2b/Debug
arm-none-eabi-gcc -mcpu=cortex-m0plus -mthumb -mfloat-abi=soft '-D__weak=__attribute__((weak))' '-D__packed="__attribute__((__packed__))"' -DUSE_HAL_DRIVER -DSTM32L010x4 -I"/Daten1/Daten/funk/sat/Amsat-Boards/firmware/GPS_V2/GPS_V2/gpsFWv2b/Inc" -I/home/kurt/STM32Cube/Repository/STM32Cube_FW_L0_V1.11.2/Drivers/STM32L0xx_HAL_Driver/Inc -I/home/kurt/STM32Cube/Repository/STM32Cube_FW_L0_V1.11.2/Drivers/STM32L0xx_HAL_Driver/Inc/Legacy -I/home/kurt/STM32Cube/Repository/STM32Cube_FW_L0_V1.11.2/Drivers/CMSIS/Device/ST/STM32L0xx/Include -I/home/kurt/STM32Cube/Repository/STM32Cube_FW_L0_V1.11.2/Drivers/CMSIS/Include  -Og -g3 -Wall -fmessage-length=0 -ffunction-sections -c -fmessage-length=0 -MMD -MP -MF"Drivers/STM32L0xx_HAL_Driver/stm32l0xx_hal_pwr_ex.d" -MT"Drivers/STM32L0xx_HAL_Driver/stm32l0xx_hal_pwr_ex.o" -o "Drivers/STM32L0xx_HAL_Driver/stm32l0xx_hal_pwr_ex.o" "/home/kurt/STM32Cube/Repository/STM32Cube_FW_L0_V1.11.2/Drivers/STM32L0xx_HAL_Driver/Src/stm32l0xx_hal_pwr_ex.c"
Finished building: /home/kurt/STM32Cube/Repository/STM32Cube_FW_L0_V1.11.2/Drivers/STM32L0xx_HAL_Driver/Src/stm32l0xx_hal_pwr_ex.c
 
Building file: /home/kurt/STM32Cube/Repository/STM32Cube_FW_L0_V1.11.2/Drivers/STM32L0xx_HAL_Driver/Src/stm32l0xx_hal_rcc.c
Invoking: MCU GCC Compiler
/Daten1/Daten/funk/sat/Amsat-Boards/firmware/GPS_V2/GPS_V2/gpsFWv2b/Debug
arm-none-eabi-gcc -mcpu=cortex-m0plus -mthumb -mfloat-abi=soft '-D__weak=__attribute__((weak))' '-D__packed="__attribute__((__packed__))"' -DUSE_HAL_DRIVER -DSTM32L010x4 -I"/Daten1/Daten/funk/sat/Amsat-Boards/firmware/GPS_V2/GPS_V2/gpsFWv2b/Inc" -I/home/kurt/STM32Cube/Repository/STM32Cube_FW_L0_V1.11.2/Drivers/STM32L0xx_HAL_Driver/Inc -I/home/kurt/STM32Cube/Repository/STM32Cube_FW_L0_V1.11.2/Drivers/STM32L0xx_HAL_Driver/Inc/Legacy -I/home/kurt/STM32Cube/Repository/STM32Cube_FW_L0_V1.11.2/Drivers/CMSIS/Device/ST/STM32L0xx/Include -I/home/kurt/STM32Cube/Repository/STM32Cube_FW_L0_V1.11.2/Drivers/CMSIS/Include  -Og -g3 -Wall -fmessage-length=0 -ffunction-sections -c -fmessage-length=0 -MMD -MP -MF"Drivers/STM32L0xx_HAL_Driver/stm32l0xx_hal_rcc.d" -MT"Drivers/STM32L0xx_HAL_Driver/stm32l0xx_hal_rcc.o" -o "Drivers/STM32L0xx_HAL_Driver/stm32l0xx_hal_rcc.o" "/home/kurt/STM32Cube/Repository/STM32Cube_FW_L0_V1.11.2/Drivers/STM32L0xx_HAL_Driver/Src/stm32l0xx_hal_rcc.c"
Finished building: /home/kurt/STM32Cube/Repository/STM32Cube_FW_L0_V1.11.2/Drivers/STM32L0xx_HAL_Driver/Src/stm32l0xx_hal_rcc.c
 
Building file: /home/kurt/STM32Cube/Repository/STM32Cube_FW_L0_V1.11.2/Drivers/STM32L0xx_HAL_Driver/Src/stm32l0xx_hal_rcc_ex.c
Invoking: MCU GCC Compiler
/Daten1/Daten/funk/sat/Amsat-Boards/firmware/GPS_V2/GPS_V2/gpsFWv2b/Debug
arm-none-eabi-gcc -mcpu=cortex-m0plus -mthumb -mfloat-abi=soft '-D__weak=__attribute__((weak))' '-D__packed="__attribute__((__packed__))"' -DUSE_HAL_DRIVER -DSTM32L010x4 -I"/Daten1/Daten/funk/sat/Amsat-Boards/firmware/GPS_V2/GPS_V2/gpsFWv2b/Inc" -I/home/kurt/STM32Cube/Repository/STM32Cube_FW_L0_V1.11.2/Drivers/STM32L0xx_HAL_Driver/Inc -I/home/kurt/STM32Cube/Repository/STM32Cube_FW_L0_V1.11.2/Drivers/STM32L0xx_HAL_Driver/Inc/Legacy -I/home/kurt/STM32Cube/Repository/STM32Cube_FW_L0_V1.11.2/Drivers/CMSIS/Device/ST/STM32L0xx/Include -I/home/kurt/STM32Cube/Repository/STM32Cube_FW_L0_V1.11.2/Drivers/CMSIS/Include  -Og -g3 -Wall -fmessage-length=0 -ffunction-sections -c -fmessage-length=0 -MMD -MP -MF"Drivers/STM32L0xx_HAL_Driver/stm32l0xx_hal_rcc_ex.d" -MT"Drivers/STM32L0xx_HAL_Driver/stm32l0xx_hal_rcc_ex.o" -o "Drivers/STM32L0xx_HAL_Driver/stm32l0xx_hal_rcc_ex.o" "/home/kurt/STM32Cube/Repository/STM32Cube_FW_L0_V1.11.2/Drivers/STM32L0xx_HAL_Driver/Src/stm32l0xx_hal_rcc_ex.c"
Finished building: /home/kurt/STM32Cube/Repository/STM32Cube_FW_L0_V1.11.2/Drivers/STM32L0xx_HAL_Driver/Src/stm32l0xx_hal_rcc_ex.c
 
Building file: /home/kurt/STM32Cube/Repository/STM32Cube_FW_L0_V1.11.2/Drivers/STM32L0xx_HAL_Driver/Src/stm32l0xx_hal_tim.c
Invoking: MCU GCC Compiler
/Daten1/Daten/funk/sat/Amsat-Boards/firmware/GPS_V2/GPS_V2/gpsFWv2b/Debug
arm-none-eabi-gcc -mcpu=cortex-m0plus -mthumb -mfloat-abi=soft '-D__weak=__attribute__((weak))' '-D__packed="__attribute__((__packed__))"' -DUSE_HAL_DRIVER -DSTM32L010x4 -I"/Daten1/Daten/funk/sat/Amsat-Boards/firmware/GPS_V2/GPS_V2/gpsFWv2b/Inc" -I/home/kurt/STM32Cube/Repository/STM32Cube_FW_L0_V1.11.2/Drivers/STM32L0xx_HAL_Driver/Inc -I/home/kurt/STM32Cube/Repository/STM32Cube_FW_L0_V1.11.2/Drivers/STM32L0xx_HAL_Driver/Inc/Legacy -I/home/kurt/STM32Cube/Repository/STM32Cube_FW_L0_V1.11.2/Drivers/CMSIS/Device/ST/STM32L0xx/Include -I/home/kurt/STM32Cube/Repository/STM32Cube_FW_L0_V1.11.2/Drivers/CMSIS/Include  -Og -g3 -Wall -fmessage-length=0 -ffunction-sections -c -fmessage-length=0 -MMD -MP -MF"Drivers/STM32L0xx_HAL_Driver/stm32l0xx_hal_tim.d" -MT"Drivers/STM32L0xx_HAL_Driver/stm32l0xx_hal_tim.o" -o "Drivers/STM32L0xx_HAL_Driver/stm32l0xx_hal_tim.o" "/home/kurt/STM32Cube/Repository/STM32Cube_FW_L0_V1.11.2/Drivers/STM32L0xx_HAL_Driver/Src/stm32l0xx_hal_tim.c"
Finished building: /home/kurt/STM32Cube/Repository/STM32Cube_FW_L0_V1.11.2/Drivers/STM32L0xx_HAL_Driver/Src/stm32l0xx_hal_tim.c
 
Building file: /home/kurt/STM32Cube/Repository/STM32Cube_FW_L0_V1.11.2/Drivers/STM32L0xx_HAL_Driver/Src/stm32l0xx_hal_tim_ex.c
Invoking: MCU GCC Compiler
/Daten1/Daten/funk/sat/Amsat-Boards/firmware/GPS_V2/GPS_V2/gpsFWv2b/Debug
arm-none-eabi-gcc -mcpu=cortex-m0plus -mthumb -mfloat-abi=soft '-D__weak=__attribute__((weak))' '-D__packed="__attribute__((__packed__))"' -DUSE_HAL_DRIVER -DSTM32L010x4 -I"/Daten1/Daten/funk/sat/Amsat-Boards/firmware/GPS_V2/GPS_V2/gpsFWv2b/Inc" -I/home/kurt/STM32Cube/Repository/STM32Cube_FW_L0_V1.11.2/Drivers/STM32L0xx_HAL_Driver/Inc -I/home/kurt/STM32Cube/Repository/STM32Cube_FW_L0_V1.11.2/Drivers/STM32L0xx_HAL_Driver/Inc/Legacy -I/home/kurt/STM32Cube/Repository/STM32Cube_FW_L0_V1.11.2/Drivers/CMSIS/Device/ST/STM32L0xx/Include -I/home/kurt/STM32Cube/Repository/STM32Cube_FW_L0_V1.11.2/Drivers/CMSIS/Include  -Og -g3 -Wall -fmessage-length=0 -ffunction-sections -c -fmessage-length=0 -MMD -MP -MF"Drivers/STM32L0xx_HAL_Driver/stm32l0xx_hal_tim_ex.d" -MT"Drivers/STM32L0xx_HAL_Driver/stm32l0xx_hal_tim_ex.o" -o "Drivers/STM32L0xx_HAL_Driver/stm32l0xx_hal_tim_ex.o" "/home/kurt/STM32Cube/Repository/STM32Cube_FW_L0_V1.11.2/Drivers/STM32L0xx_HAL_Driver/Src/stm32l0xx_hal_tim_ex.c"
Finished building: /home/kurt/STM32Cube/Repository/STM32Cube_FW_L0_V1.11.2/Drivers/STM32L0xx_HAL_Driver/Src/stm32l0xx_hal_tim_ex.c
 
Building file: /home/kurt/STM32Cube/Repository/STM32Cube_FW_L0_V1.11.2/Drivers/STM32L0xx_HAL_Driver/Src/stm32l0xx_hal_uart.c
Invoking: MCU GCC Compiler
/Daten1/Daten/funk/sat/Amsat-Boards/firmware/GPS_V2/GPS_V2/gpsFWv2b/Debug
arm-none-eabi-gcc -mcpu=cortex-m0plus -mthumb -mfloat-abi=soft '-D__weak=__attribute__((weak))' '-D__packed="__attribute__((__packed__))"' -DUSE_HAL_DRIVER -DSTM32L010x4 -I"/Daten1/Daten/funk/sat/Amsat-Boards/firmware/GPS_V2/GPS_V2/gpsFWv2b/Inc" -I/home/kurt/STM32Cube/Repository/STM32Cube_FW_L0_V1.11.2/Drivers/STM32L0xx_HAL_Driver/Inc -I/home/kurt/STM32Cube/Repository/STM32Cube_FW_L0_V1.11.2/Drivers/STM32L0xx_HAL_Driver/Inc/Legacy -I/home/kurt/STM32Cube/Repository/STM32Cube_FW_L0_V1.11.2/Drivers/CMSIS/Device/ST/STM32L0xx/Include -I/home/kurt/STM32Cube/Repository/STM32Cube_FW_L0_V1.11.2/Drivers/CMSIS/Include  -Og -g3 -Wall -fmessage-length=0 -ffunction-sections -c -fmessage-length=0 -MMD -MP -MF"Drivers/STM32L0xx_HAL_Driver/stm32l0xx_hal_uart.d" -MT"Drivers/STM32L0xx_HAL_Driver/stm32l0xx_hal_uart.o" -o "Drivers/STM32L0xx_HAL_Driver/stm32l0xx_hal_uart.o" "/home/kurt/STM32Cube/Repository/STM32Cube_FW_L0_V1.11.2/Drivers/STM32L0xx_HAL_Driver/Src/stm32l0xx_hal_uart.c"
Finished building: /home/kurt/STM32Cube/Repository/STM32Cube_FW_L0_V1.11.2/Drivers/STM32L0xx_HAL_Driver/Src/stm32l0xx_hal_uart.c
 
Building file: /home/kurt/STM32Cube/Repository/STM32Cube_FW_L0_V1.11.2/Drivers/STM32L0xx_HAL_Driver/Src/stm32l0xx_hal_uart_ex.c
Invoking: MCU GCC Compiler
/Daten1/Daten/funk/sat/Amsat-Boards/firmware/GPS_V2/GPS_V2/gpsFWv2b/Debug
arm-none-eabi-gcc -mcpu=cortex-m0plus -mthumb -mfloat-abi=soft '-D__weak=__attribute__((weak))' '-D__packed="__attribute__((__packed__))"' -DUSE_HAL_DRIVER -DSTM32L010x4 -I"/Daten1/Daten/funk/sat/Amsat-Boards/firmware/GPS_V2/GPS_V2/gpsFWv2b/Inc" -I/home/kurt/STM32Cube/Repository/STM32Cube_FW_L0_V1.11.2/Drivers/STM32L0xx_HAL_Driver/Inc -I/home/kurt/STM32Cube/Repository/STM32Cube_FW_L0_V1.11.2/Drivers/STM32L0xx_HAL_Driver/Inc/Legacy -I/home/kurt/STM32Cube/Repository/STM32Cube_FW_L0_V1.11.2/Drivers/CMSIS/Device/ST/STM32L0xx/Include -I/home/kurt/STM32Cube/Repository/STM32Cube_FW_L0_V1.11.2/Drivers/CMSIS/Include  -Og -g3 -Wall -fmessage-length=0 -ffunction-sections -c -fmessage-length=0 -MMD -MP -MF"Drivers/STM32L0xx_HAL_Driver/stm32l0xx_hal_uart_ex.d" -MT"Drivers/STM32L0xx_HAL_Driver/stm32l0xx_hal_uart_ex.o" -o "Drivers/STM32L0xx_HAL_Driver/stm32l0xx_hal_uart_ex.o" "/home/kurt/STM32Cube/Repository/STM32Cube_FW_L0_V1.11.2/Drivers/STM32L0xx_HAL_Driver/Src/stm32l0xx_hal_uart_ex.c"
Finished building: /home/kurt/STM32Cube/Repository/STM32Cube_FW_L0_V1.11.2/Drivers/STM32L0xx_HAL_Driver/Src/stm32l0xx_hal_uart_ex.c
 
Building target: gpsFWv2b.elf
Invoking: MCU GCC Linker
arm-none-eabi-gcc -mcpu=cortex-m0plus -mthumb -mfloat-abi=soft -specs=nosys.specs -specs=nano.specs -T"../STM32L010F4Px_FLASH.ld" -Wl,-Map=output.map -Wl,--gc-sections -o "gpsFWv2b.elf" @"objects.list"   -lm
Finished building target: gpsFWv2b.elf
 
make --no-print-directory post-build
Generating hex and Printing size information:
arm-none-eabi-objcopy -O ihex "gpsFWv2b.elf" "gpsFWv2b.hex"
arm-none-eabi-size "gpsFWv2b.elf"
   text	   data	    bss	    dec	    hex	filename
  14992	    160	   1728	  16880	   41f0	gpsFWv2b.elf
 
14:30:36 **** Incremental Build of configuration Debug for project gpsFWv2b ****
make all 
make: Für das Ziel „all“ ist nichts zu tun.
14:30:45 **** Incremental Build of configuration Debug for project gpsFWv2b ****
make all 
Building file: ../Src/dma.c
Invoking: MCU GCC Compiler
/Daten1/Daten/funk/sat/Amsat-Boards/firmware/GPS_V2/GPS_V2/gpsFWv2b/Debug
arm-none-eabi-gcc -mcpu=cortex-m0plus -mthumb -mfloat-abi=soft '-D__weak=__attribute__((weak))' '-D__packed="__attribute__((__packed__))"' -DUSE_HAL_DRIVER -DSTM32L010x4 -I"/Daten1/Daten/funk/sat/Amsat-Boards/firmware/GPS_V2/GPS_V2/gpsFWv2b/Inc" -I/home/kurt/STM32Cube/Repository/STM32Cube_FW_L0_V1.11.2/Drivers/STM32L0xx_HAL_Driver/Inc -I/home/kurt/STM32Cube/Repository/STM32Cube_FW_L0_V1.11.2/Drivers/STM32L0xx_HAL_Driver/Inc/Legacy -I/home/kurt/STM32Cube/Repository/STM32Cube_FW_L0_V1.11.2/Drivers/CMSIS/Device/ST/STM32L0xx/Include -I/home/kurt/STM32Cube/Repository/STM32Cube_FW_L0_V1.11.2/Drivers/CMSIS/Include  -Og -g3 -Wall -fmessage-length=0 -ffunction-sections -c -fmessage-length=0 -MMD -MP -MF"Src/dma.d" -MT"Src/dma.o" -o "Src/dma.o" "../Src/dma.c"
Finished building: ../Src/dma.c
 
Building file: ../Src/gpio.c
Invoking: MCU GCC Compiler
/Daten1/Daten/funk/sat/Amsat-Boards/firmware/GPS_V2/GPS_V2/gpsFWv2b/Debug
arm-none-eabi-gcc -mcpu=cortex-m0plus -mthumb -mfloat-abi=soft '-D__weak=__attribute__((weak))' '-D__packed="__attribute__((__packed__))"' -DUSE_HAL_DRIVER -DSTM32L010x4 -I"/Daten1/Daten/funk/sat/Amsat-Boards/firmware/GPS_V2/GPS_V2/gpsFWv2b/Inc" -I/home/kurt/STM32Cube/Repository/STM32Cube_FW_L0_V1.11.2/Drivers/STM32L0xx_HAL_Driver/Inc -I/home/kurt/STM32Cube/Repository/STM32Cube_FW_L0_V1.11.2/Drivers/STM32L0xx_HAL_Driver/Inc/Legacy -I/home/kurt/STM32Cube/Repository/STM32Cube_FW_L0_V1.11.2/Drivers/CMSIS/Device/ST/STM32L0xx/Include -I/home/kurt/STM32Cube/Repository/STM32Cube_FW_L0_V1.11.2/Drivers/CMSIS/Include  -Og -g3 -Wall -fmessage-length=0 -ffunction-sections -c -fmessage-length=0 -MMD -MP -MF"Src/gpio.d" -MT"Src/gpio.o" -o "Src/gpio.o" "../Src/gpio.c"
Finished building: ../Src/gpio.c
 
Building file: ../Src/i2c.c
Invoking: MCU GCC Compiler
/Daten1/Daten/funk/sat/Amsat-Boards/firmware/GPS_V2/GPS_V2/gpsFWv2b/Debug
arm-none-eabi-gcc -mcpu=cortex-m0plus -mthumb -mfloat-abi=soft '-D__weak=__attribute__((weak))' '-D__packed="__attribute__((__packed__))"' -DUSE_HAL_DRIVER -DSTM32L010x4 -I"/Daten1/Daten/funk/sat/Amsat-Boards/firmware/GPS_V2/GPS_V2/gpsFWv2b/Inc" -I/home/kurt/STM32Cube/Repository/STM32Cube_FW_L0_V1.11.2/Drivers/STM32L0xx_HAL_Driver/Inc -I/home/kurt/STM32Cube/Repository/STM32Cube_FW_L0_V1.11.2/Drivers/STM32L0xx_HAL_Driver/Inc/Legacy -I/home/kurt/STM32Cube/Repository/STM32Cube_FW_L0_V1.11.2/Drivers/CMSIS/Device/ST/STM32L0xx/Include -I/home/kurt/STM32Cube/Repository/STM32Cube_FW_L0_V1.11.2/Drivers/CMSIS/Include  -Og -g3 -Wall -fmessage-length=0 -ffunction-sections -c -fmessage-length=0 -MMD -MP -MF"Src/i2c.d" -MT"Src/i2c.o" -o "Src/i2c.o" "../Src/i2c.c"
Finished building: ../Src/i2c.c
 
Building file: ../Src/main.c
Invoking: MCU GCC Compiler
/Daten1/Daten/funk/sat/Amsat-Boards/firmware/GPS_V2/GPS_V2/gpsFWv2b/Debug
arm-none-eabi-gcc -mcpu=cortex-m0plus -mthumb -mfloat-abi=soft '-D__weak=__attribute__((weak))' '-D__packed="__attribute__((__packed__))"' -DUSE_HAL_DRIVER -DSTM32L010x4 -I"/Daten1/Daten/funk/sat/Amsat-Boards/firmware/GPS_V2/GPS_V2/gpsFWv2b/Inc" -I/home/kurt/STM32Cube/Repository/STM32Cube_FW_L0_V1.11.2/Drivers/STM32L0xx_HAL_Driver/Inc -I/home/kurt/STM32Cube/Repository/STM32Cube_FW_L0_V1.11.2/Drivers/STM32L0xx_HAL_Driver/Inc/Legacy -I/home/kurt/STM32Cube/Repository/STM32Cube_FW_L0_V1.11.2/Drivers/CMSIS/Device/ST/STM32L0xx/Include -I/home/kurt/STM32Cube/Repository/STM32Cube_FW_L0_V1.11.2/Drivers/CMSIS/Include  -Og -g3 -Wall -fmessage-length=0 -ffunction-sections -c -fmessage-length=0 -MMD -MP -MF"Src/main.d" -MT"Src/main.o" -o "Src/main.o" "../Src/main.c"
Finished building: ../Src/main.c
 
Building file: ../Src/tim.c
Invoking: MCU GCC Compiler
/Daten1/Daten/funk/sat/Amsat-Boards/firmware/GPS_V2/GPS_V2/gpsFWv2b/Debug
arm-none-eabi-gcc -mcpu=cortex-m0plus -mthumb -mfloat-abi=soft '-D__weak=__attribute__((weak))' '-D__packed="__attribute__((__packed__))"' -DUSE_HAL_DRIVER -DSTM32L010x4 -I"/Daten1/Daten/funk/sat/Amsat-Boards/firmware/GPS_V2/GPS_V2/gpsFWv2b/Inc" -I/home/kurt/STM32Cube/Repository/STM32Cube_FW_L0_V1.11.2/Drivers/STM32L0xx_HAL_Driver/Inc -I/home/kurt/STM32Cube/Repository/STM32Cube_FW_L0_V1.11.2/Drivers/STM32L0xx_HAL_Driver/Inc/Legacy -I/home/kurt/STM32Cube/Repository/STM32Cube_FW_L0_V1.11.2/Drivers/CMSIS/Device/ST/STM32L0xx/Include -I/home/kurt/STM32Cube/Repository/STM32Cube_FW_L0_V1.11.2/Drivers/CMSIS/Include  -Og -g3 -Wall -fmessage-length=0 -ffunction-sections -c -fmessage-length=0 -MMD -MP -MF"Src/tim.d" -MT"Src/tim.o" -o "Src/tim.o" "../Src/tim.c"
Finished building: ../Src/tim.c
 
Building file: ../Src/usart.c
Invoking: MCU GCC Compiler
/Daten1/Daten/funk/sat/Amsat-Boards/firmware/GPS_V2/GPS_V2/gpsFWv2b/Debug
arm-none-eabi-gcc -mcpu=cortex-m0plus -mthumb -mfloat-abi=soft '-D__weak=__attribute__((weak))' '-D__packed="__attribute__((__packed__))"' -DUSE_HAL_DRIVER -DSTM32L010x4 -I"/Daten1/Daten/funk/sat/Amsat-Boards/firmware/GPS_V2/GPS_V2/gpsFWv2b/Inc" -I/home/kurt/STM32Cube/Repository/STM32Cube_FW_L0_V1.11.2/Drivers/STM32L0xx_HAL_Driver/Inc -I/home/kurt/STM32Cube/Repository/STM32Cube_FW_L0_V1.11.2/Drivers/STM32L0xx_HAL_Driver/Inc/Legacy -I/home/kurt/STM32Cube/Repository/STM32Cube_FW_L0_V1.11.2/Drivers/CMSIS/Device/ST/STM32L0xx/Include -I/home/kurt/STM32Cube/Repository/STM32Cube_FW_L0_V1.11.2/Drivers/CMSIS/Include  -Og -g3 -Wall -fmessage-length=0 -ffunction-sections -c -fmessage-length=0 -MMD -MP -MF"Src/usart.d" -MT"Src/usart.o" -o "Src/usart.o" "../Src/usart.c"
Finished building: ../Src/usart.c
 
Building target: gpsFWv2b.elf
Invoking: MCU GCC Linker
arm-none-eabi-gcc -mcpu=cortex-m0plus -mthumb -mfloat-abi=soft -specs=nosys.specs -specs=nano.specs -T"../STM32L010F4Px_FLASH.ld" -Wl,-Map=output.map -Wl,--gc-sections -o "gpsFWv2b.elf" @"objects.list"   -lm
Finished building target: gpsFWv2b.elf
 
make --no-print-directory post-build
Generating hex and Printing size information:
arm-none-eabi-objcopy -O ihex "gpsFWv2b.elf" "gpsFWv2b.hex"
arm-none-eabi-size "gpsFWv2b.elf"
   text	   data	    bss	    dec	    hex	filename
  14992	    160	   1728	  16880	   41f0	gpsFWv2b.elf
 
